2026-09-24 15:39:30,336 | INFO | [步骤1/4 数据输入] 读取对齐版预处理数据；只从附件2训练/验证集学习参数
2026-09-24 15:39:30,751 | INFO | 数据规模：train=3395 valid=728 test=727 attachment3=30；DataLoader workers=0
2026-09-24 15:39:30,752 | INFO | [步骤2/4 参数初始化] seed=2026 device=cuda
2026-09-24 15:41:59,917 | INFO | 新主模型参数：total=12,067,738 trainable=12,067,738；teacher=google-bert/bert-base-uncased；student=google/bert_uncased_L-4_H-256_A-4
2026-09-24 15:41:59,917 | INFO | [步骤3/4 模型调用] 开始训练完整教师
2026-09-24 15:42:19,149 | INFO | 完整BERT教师 Epoch 01/12 | loss=1.8168 | Acc=0.6387 F1=0.6146 MAE=0.5668 r=0.6782 | 19.2s
2026-09-24 15:42:38,663 | INFO | 完整BERT教师 Epoch 02/12 | loss=1.4687 | Acc=0.5893 F1=0.5936 MAE=0.5765 r=0.6826 | 17.5s
2026-09-24 15:42:55,943 | INFO | 完整BERT教师 Epoch 03/12 | loss=1.2551 | Acc=0.6181 F1=0.6062 MAE=0.5711 r=0.6832 | 17.3s
2026-09-24 15:43:13,686 | INFO | 完整BERT教师 Epoch 04/12 | loss=1.0851 | Acc=0.5907 F1=0.5939 MAE=0.5753 r=0.6879 | 17.2s
2026-09-24 15:43:32,634 | INFO | 完整BERT教师 Epoch 05/12 | loss=0.9143 | Acc=0.6003 F1=0.5830 MAE=0.5854 r=0.6803 | 18.4s
2026-09-24 15:43:51,552 | INFO | 完整BERT教师 Epoch 06/12 | loss=0.7112 | Acc=0.6154 F1=0.5982 MAE=0.6098 r=0.6785 | 18.9s
2026-09-24 15:44:10,785 | INFO | 完整BERT教师 Epoch 07/12 | loss=0.5556 | Acc=0.5893 F1=0.5694 MAE=0.6032 r=0.6674 | 19.2s
2026-09-24 15:44:31,819 | INFO | 完整BERT教师 Epoch 08/12 | loss=0.4617 | Acc=0.5838 F1=0.5702 MAE=0.5733 r=0.6777 | 21.0s
2026-09-24 15:44:48,905 | INFO | 完整BERT教师 Epoch 09/12 | loss=0.3656 | Acc=0.6016 F1=0.5727 MAE=0.5809 r=0.6701 | 17.1s
2026-09-24 15:44:48,905 | INFO | 教师早停：分类与回归检查点连续 5 个 epoch 均未改善
2026-09-24 15:44:51,915 | INFO | 教师任务检查点合并：分类epoch=1，回归epoch=4 | F1=0.6146 MAE=0.5667 r=0.6792
2026-09-24 15:44:51,924 | INFO | 文本多层蒸馏：完整BERT token/CLS/概率 -> 四层紧凑BERT
2026-09-24 15:45:02,146 | INFO | 紧凑BERT蒸馏 Epoch 01/10 | freeze=2 token=1.4255 cls=0.9915 | F1=0.4510 MAE=0.7077 r=0.4624 | 10.2s
2026-09-24 15:45:12,417 | INFO | 紧凑BERT蒸馏 Epoch 02/10 | freeze=2 token=1.0874 cls=0.6877 | F1=0.5123 MAE=0.6801 r=0.5204 | 10.2s
2026-09-24 15:45:22,876 | INFO | 紧凑BERT蒸馏 Epoch 03/10 | freeze=1 token=1.0197 cls=0.6224 | F1=0.5691 MAE=0.6557 r=0.5651 | 10.4s
2026-09-24 15:45:33,773 | INFO | 紧凑BERT蒸馏 Epoch 04/10 | freeze=0 token=0.9785 cls=0.5775 | F1=0.5878 MAE=0.6426 r=0.5886 | 10.8s
2026-09-24 15:45:45,290 | INFO | 紧凑BERT蒸馏 Epoch 05/10 | freeze=0 token=0.9425 cls=0.5427 | F1=0.5777 MAE=0.6545 r=0.5931 | 11.4s
2026-09-24 15:45:58,678 | INFO | 紧凑BERT蒸馏 Epoch 06/10 | freeze=0 token=0.9167 cls=0.5124 | F1=0.5870 MAE=0.6146 r=0.6137 | 13.4s
2026-09-24 15:46:12,129 | INFO | 紧凑BERT蒸馏 Epoch 07/10 | freeze=0 token=0.9029 cls=0.4993 | F1=0.5818 MAE=0.6198 r=0.6189 | 13.2s
2026-09-24 15:46:25,583 | INFO | 紧凑BERT蒸馏 Epoch 08/10 | freeze=0 token=0.8925 cls=0.4863 | F1=0.5979 MAE=0.6152 r=0.6224 | 13.5s
2026-09-24 15:46:38,696 | INFO | 紧凑BERT蒸馏 Epoch 09/10 | freeze=0 token=0.8858 cls=0.4805 | F1=0.5827 MAE=0.6103 r=0.6238 | 12.9s
2026-09-24 15:46:51,588 | INFO | 紧凑BERT蒸馏 Epoch 10/10 | freeze=0 token=0.8828 cls=0.4786 | F1=0.5891 MAE=0.6108 r=0.6241 | 12.9s
2026-09-24 15:46:51,662 | INFO | 开始训练缺失学生：由最佳教师初始化并执行完整—缺失一致性蒸馏
2026-09-24 15:47:14,636 | INFO | 学生 Epoch 01/25 | loss=1.5760 sup=1.4631 kd=0.5649 | 完整F1=0.6044 MAE=0.6174 | 同步缺失30% F1=0.6066 MAE=0.6160 | 23.0s
2026-09-24 15:47:37,585 | INFO | 学生 Epoch 02/25 | loss=1.6704 sup=1.4457 kd=0.5618 | 完整F1=0.6027 MAE=0.6059 | 同步缺失30% F1=0.5997 MAE=0.6073 | 22.9s
2026-09-24 15:48:02,369 | INFO | 学生 Epoch 03/25 | loss=1.7710 sup=1.4355 kd=0.5591 | 完整F1=0.5978 MAE=0.5975 | 同步缺失30% F1=0.5990 MAE=0.6017 | 24.6s
2026-09-24 15:48:27,573 | INFO | 学生 Epoch 04/25 | loss=1.8640 sup=1.4191 kd=0.5561 | 完整F1=0.6014 MAE=0.6023 | 同步缺失30% F1=0.6015 MAE=0.6023 | 25.2s
2026-09-24 15:48:51,730 | INFO | 学生 Epoch 05/25 | loss=1.9633 sup=1.4123 kd=0.5510 | 完整F1=0.6072 MAE=0.5941 | 同步缺失30% F1=0.6072 MAE=0.5990 | 24.2s
2026-09-24 15:49:13,933 | INFO | 学生 Epoch 06/25 | loss=2.0618 sup=1.4658 kd=0.5960 | 完整F1=0.6013 MAE=0.6128 | 同步缺失30% F1=0.5979 MAE=0.6158 | 21.9s
2026-09-24 15:49:35,414 | INFO | 学生 Epoch 07/25 | loss=2.0431 sup=1.4491 kd=0.5940 | 完整F1=0.6017 MAE=0.5967 | 同步缺失30% F1=0.5999 MAE=0.6005 | 21.5s
2026-09-24 15:49:56,838 | INFO | 学生 Epoch 08/25 | loss=2.0378 sup=1.4483 kd=0.5895 | 完整F1=0.6055 MAE=0.5986 | 同步缺失30% F1=0.6028 MAE=0.6022 | 21.4s
2026-09-24 15:50:18,001 | INFO | 学生 Epoch 09/25 | loss=2.0286 sup=1.4341 kd=0.5945 | 完整F1=0.5933 MAE=0.6019 | 同步缺失30% F1=0.5949 MAE=0.6051 | 21.2s
2026-09-24 15:50:39,443 | INFO | 学生 Epoch 10/25 | loss=2.0112 sup=1.4169 kd=0.5943 | 完整F1=0.5992 MAE=0.6019 | 同步缺失30% F1=0.5944 MAE=0.6067 | 21.4s
2026-09-24 15:50:39,443 | INFO | 学生早停：连续 5 个 epoch 未改善
2026-09-24 15:50:40,001 | INFO | [步骤4/4 结果输出] 计算验证/测试性能、缺失网格、消融与附件3预测
2026-09-24 15:51:41,644 | INFO | 求解完成：valid Acc=0.6264 F1=0.6072 MAE=0.5941 r=0.6371；结果目录=D:\PythonWorkplace\Multimodal_Sentiment_Prediction\outputs\problem2\runs\20260924_153930_302
2026-09-24 15:51:41,644 | INFO | 压力场景（audio_vision 缺失30% middle）：Acc=0.6264 F1=0.6072 MAE=0.5990
