2026-09-24 16:12:01,305 | INFO | MainThread | 步骤1/4 数据输入与特征提取
2026-09-24 16:12:01,374 | INFO | MainThread | 特征提取开始: 样本=100, workers=15, overwrite=True
2026-09-24 16:16:37,342 | ERROR | MainThread | [1/100] -3g5yACwYnA$_$2 失败: ConnectTimeout: (MaxRetryError("HTTPSConnectionPool(host='huggingface.co', port=443): Max retries exceeded with url: /api/models/microsoft/deberta-v3-base (Caused by ConnectTimeoutError(<HTTPSConnection(host='huggingface.co', port=443) at 0x1e031fdb320>, 'Connection to huggingface.co timed out. (connect timeout=None)'))"), '(Request ID: b33f2cff-f5eb-4e66-bb8e-8c2269507fce)')
2026-09-24 16:18:44,556 | INFO | MainThread | 步骤1/4 数据输入与特征提取
2026-09-24 16:18:44,571 | INFO | MainThread | 特征提取开始: 样本=100, workers=15, overwrite=True
2026-09-24 16:19:29,486 | INFO | MainThread | [1/100] -HwX2H8Z4hY$_$2 completed (44.91s)
2026-09-24 16:19:30,032 | INFO | MainThread | [2/100] -3g5yACwYnA$_$13 completed (45.46s)
2026-09-24 16:19:30,288 | INFO | MainThread | [3/100] -9y-fZ3swSY$_$8 completed (45.71s)
2026-09-24 16:19:30,292 | INFO | MainThread | [4/100] -571d8cVauQ$_$0 completed (45.72s)
2026-09-24 16:19:30,520 | INFO | MainThread | [5/100] -HwX2H8Z4hY$_$5 completed (45.94s)
2026-09-24 16:19:30,778 | INFO | MainThread | [6/100] -9y-fZ3swSY$_$4 completed (46.20s)
2026-09-24 16:19:31,606 | INFO | MainThread | [7/100] -9y-fZ3swSY$_$0 completed (47.03s)
2026-09-24 16:19:33,036 | INFO | MainThread | [8/100] -3nNcZdcdvU$_$5 completed (48.46s)
2026-09-24 16:19:33,142 | INFO | MainThread | [9/100] -HeZS2-Prhc$_$2 completed (48.56s)
2026-09-24 16:19:33,486 | INFO | MainThread | [10/100] -HwX2H8Z4hY$_$6 completed (4.00s)
2026-09-24 16:19:33,692 | INFO | MainThread | [11/100] -3g5yACwYnA$_$9 completed (49.12s)
2026-09-24 16:19:34,578 | INFO | MainThread | [12/100] -3g5yACwYnA$_$2 completed (50.00s)
2026-09-24 16:19:37,114 | INFO | MainThread | [13/100] -MeTTeMJBNc$_$13 completed (6.34s)
2026-09-24 16:19:39,198 | INFO | MainThread | [14/100] -I_e4mIh0yE$_$1 completed (8.91s)
2026-09-24 16:19:39,263 | INFO | MainThread | [15/100] -HwX2H8Z4hY$_$9 completed (9.23s)
2026-09-24 16:19:39,458 | INFO | MainThread | [16/100] -6rXp3zJ3kc$_$8 completed (54.88s)
2026-09-24 16:19:40,147 | INFO | MainThread | [17/100] -3g5yACwYnA$_$3 completed (55.57s)
2026-09-24 16:19:40,192 | INFO | MainThread | [18/100] -RfYyzHpjk4$_$11 completed (6.71s)
2026-09-24 16:19:40,344 | INFO | MainThread | [19/100] -NFrJFQijFE$_$1 completed (7.31s)
2026-09-24 16:19:40,348 | INFO | MainThread | [20/100] -RfYyzHpjk4$_$8 completed (5.77s)
2026-09-24 16:19:40,703 | INFO | MainThread | [21/100] -RfYyzHpjk4$_$2 completed (7.01s)
2026-09-24 16:19:41,369 | INFO | MainThread | [22/100] -571d8cVauQ$_$5 completed (56.80s)
2026-09-24 16:19:42,023 | INFO | MainThread | [23/100] -MeTTeMJBNc$_$0 completed (11.50s)
2026-09-24 16:19:42,172 | INFO | MainThread | [24/100] -NFrJFQijFE$_$2 completed (9.03s)
2026-09-24 16:19:42,792 | INFO | MainThread | [25/100] -I_e4mIh0yE$_$3 completed (12.50s)
2026-09-24 16:19:45,390 | INFO | MainThread | [26/100] -THoVjtIkeU$_$2 completed (6.19s)
2026-09-24 16:19:45,632 | INFO | MainThread | [27/100] -UuX1xuaiiE$_$0 completed (5.29s)
2026-09-24 16:19:45,882 | INFO | MainThread | [28/100] -MeTTeMJBNc$_$7 completed (14.27s)
2026-09-24 16:19:47,261 | INFO | MainThread | [29/100] -UuX1xuaiiE$_$3 completed (6.56s)
2026-09-24 16:20:29,562 | INFO | MainThread | [30/100] -UacrmKiTn4$_$4 completed (49.37s)
2026-09-24 16:20:32,221 | INFO | MainThread | [31/100] -UacrmKiTn4$_$10 completed (52.07s)
2026-09-24 16:20:32,387 | INFO | MainThread | [32/100] -UUCSKoHeMA$_$0 completed (52.93s)
2026-09-24 16:20:32,452 | INFO | MainThread | [33/100] -THoVjtIkeU$_$6 completed (53.19s)
2026-09-24 16:20:32,488 | INFO | MainThread | [34/100] -AUZQgSxyPQ$_$2 completed (107.91s)
2026-09-24 16:20:33,669 | INFO | MainThread | [35/100] -UuX1xuaiiE$_$6 completed (52.30s)
2026-09-24 16:20:34,579 | INFO | MainThread | [36/100] -aNfi7CP8vM$_$7 completed (52.41s)
2026-09-24 16:20:35,255 | INFO | MainThread | [37/100] -UuX1xuaiiE$_$1 completed (54.91s)
2026-09-24 16:20:36,173 | INFO | MainThread | [38/100] -THoVjtIkeU$_$12 completed (59.06s)
2026-09-24 16:20:36,590 | INFO | MainThread | [39/100] -aqamKhZ1Ec$_$0 completed (53.80s)
2026-09-24 16:20:39,347 | INFO | MainThread | [40/100] -dxfTGcXJoc$_$6 completed (52.09s)
2026-09-24 16:20:40,483 | INFO | MainThread | [41/100] -dxfTGcXJoc$_$1 completed (54.85s)
2026-09-24 16:20:40,721 | INFO | MainThread | [42/100] -dxfTGcXJoc$_$2 completed (54.84s)
2026-09-24 16:20:41,500 | INFO | MainThread | [43/100] -a55Q6RWvTA$_$3 completed (59.48s)
2026-09-24 16:20:41,747 | INFO | MainThread | [44/100] -dxfTGcXJoc$_$0 completed (56.36s)
2026-09-24 16:21:13,835 | INFO | MainThread | [45/100] -egA8-b7-3M$_$1 completed (44.27s)
2026-09-24 16:21:15,724 | INFO | MainThread | [46/100] -egA8-b7-3M$_$13 completed (43.50s)
2026-09-24 16:21:16,431 | INFO | MainThread | [47/100] -egA8-b7-3M$_$16 completed (44.04s)
2026-09-24 16:21:16,988 | INFO | MainThread | [48/100] -egA8-b7-3M$_$17 completed (44.53s)
2026-09-24 16:21:17,366 | INFO | MainThread | [49/100] -egA8-b7-3M$_$18 completed (44.88s)
2026-09-24 16:21:18,516 | INFO | MainThread | [50/100] -egA8-b7-3M$_$20 completed (44.84s)
2026-09-24 16:21:18,600 | INFO | MainThread | [51/100] -egA8-b7-3M$_$26 completed (44.02s)
2026-09-24 16:21:18,860 | INFO | MainThread | [52/100] -egA8-b7-3M$_$6 completed (43.60s)
2026-09-24 16:21:19,438 | INFO | MainThread | [53/100] -egA8-b7-3M$_$9 completed (43.26s)
2026-09-24 16:21:20,560 | INFO | MainThread | [54/100] -hnBHBN8p5A$_$6 completed (43.97s)
2026-09-24 16:21:23,162 | INFO | MainThread | [55/100] -mJ2ud6oKI8$_$6 completed (4.65s)
2026-09-24 16:21:23,817 | INFO | MainThread | [56/100] -hnBHBN8p5A$_$7 completed (44.47s)
2026-09-24 16:21:23,946 | INFO | MainThread | [57/100] -iRBcNs9oI8$_$6 completed (43.22s)
2026-09-24 16:21:24,277 | INFO | MainThread | [58/100] -mJ2ud6oKI8$_$8 completed (5.68s)
2026-09-24 16:21:24,424 | INFO | MainThread | [59/100] -lzEya4AM_4$_$5 completed (8.70s)
2026-09-24 16:21:24,766 | INFO | MainThread | [60/100] -iRBcNs9oI8$_$3 completed (44.28s)
2026-09-24 16:21:25,028 | INFO | MainThread | [61/100] -iRBcNs9oI8$_$7 completed (43.53s)
2026-09-24 16:21:26,026 | INFO | MainThread | [62/100] -iRBcNs9oI8$_$8 completed (44.28s)
2026-09-24 16:21:26,304 | INFO | MainThread | [63/100] -mJ2ud6oKI8$_$1 completed (9.32s)
2026-09-24 16:21:26,582 | INFO | MainThread | [64/100] -mJ2ud6oKI8$_$2 completed (9.22s)
2026-09-24 16:21:27,542 | INFO | MainThread | [65/100] -qDkUB0GgYY$_$6 completed (6.98s)
2026-09-24 16:21:27,889 | INFO | MainThread | [66/100] -ri04Z7vwnc$_$0 completed (4.73s)
2026-09-24 16:21:29,029 | INFO | MainThread | [67/100] -mqbVkbCndg$_$0 completed (9.59s)
2026-09-24 16:21:29,358 | INFO | MainThread | [68/100] -mJ2ud6oKI8$_$9 completed (10.50s)
2026-09-24 16:21:30,025 | INFO | MainThread | [69/100] -ri04Z7vwnc$_$5 completed (6.08s)
2026-09-24 16:21:30,145 | INFO | MainThread | [70/100] -s9qJ7ATP7w$_$6 completed (4.12s)
2026-09-24 16:21:31,345 | INFO | MainThread | [71/100] -s9qJ7ATP7w$_$4 completed (6.58s)
2026-09-24 16:21:31,650 | INFO | MainThread | [72/100] -s9qJ7ATP7w$_$8 completed (5.07s)
2026-09-24 16:21:32,777 | INFO | MainThread | [73/100] -ri04Z7vwnc$_$2 completed (8.96s)
2026-09-24 16:21:33,572 | INFO | MainThread | [74/100] -s9qJ7ATP7w$_$1 completed (9.15s)
2026-09-24 16:21:34,365 | INFO | MainThread | [75/100] -s9qJ7ATP7w$_$0 completed (10.09s)
2026-09-24 16:21:35,254 | INFO | MainThread | [76/100] -t217m2on-s$_$2 completed (7.71s)
2026-09-24 16:21:35,486 | INFO | MainThread | [77/100] -lzEya4AM_4$_$6 completed (19.06s)
2026-09-24 16:21:35,806 | INFO | MainThread | [78/100] -tPCytz4rww$_$10 completed (6.45s)
2026-09-24 16:21:36,103 | INFO | MainThread | [79/100] -s9qJ7ATP7w$_$7 completed (9.80s)
2026-09-24 16:21:36,861 | INFO | MainThread | [80/100] -s9qJ7ATP7w$_$5 completed (11.83s)
2026-09-24 16:21:37,603 | INFO | MainThread | [81/100] -tPCytz4rww$_$11 completed (7.58s)
2026-09-24 16:21:38,256 | INFO | MainThread | [82/100] -tANM6ETl_M$_$3 completed (9.23s)
2026-09-24 16:21:40,266 | INFO | MainThread | [83/100] -wny0OAz3g8$_$0 completed (5.01s)
2026-09-24 16:21:40,520 | INFO | MainThread | [84/100] -tPCytz4rww$_$18 completed (8.87s)
2026-09-24 16:21:40,803 | INFO | MainThread | [85/100] -tPCytz4rww$_$16 completed (9.46s)
2026-09-24 16:21:41,366 | INFO | MainThread | [86/100] -uywlfIYOS8$_$4 completed (8.59s)
2026-09-24 16:21:42,874 | INFO | MainThread | [87/100] -wMB_hJL-3o$_$7 completed (8.51s)
2026-09-24 16:21:44,184 | INFO | MainThread | [88/100] -wny0OAz3g8$_$3 completed (8.08s)
2026-09-24 16:21:44,617 | INFO | MainThread | [89/100] -wny0OAz3g8$_$1 completed (9.13s)
2026-09-24 16:21:44,906 | INFO | MainThread | [90/100] -wny0OAz3g8$_$2 completed (9.10s)
2026-09-24 16:21:45,581 | INFO | MainThread | [91/100] -wny0OAz3g8$_$5 completed (8.72s)
2026-09-24 16:21:45,581 | INFO | MainThread | [92/100] -tPCytz4rww$_$12 completed (15.43s)
2026-09-24 16:21:46,082 | INFO | MainThread | [93/100] -wny0OAz3g8$_$9 completed (7.83s)
2026-09-24 16:21:46,088 | INFO | MainThread | [94/100] -wny0OAz3g8$_$7 completed (8.48s)
2026-09-24 16:21:46,517 | INFO | MainThread | [95/100] -vxjVxOeScU$_$4 completed (12.94s)
2026-09-24 16:21:46,878 | INFO | MainThread | [96/100] -t217m2on-s$_$7 completed (18.99s)
2026-09-24 16:21:47,643 | INFO | MainThread | [97/100] -yRb-Jum7EQ$_$6 completed (6.84s)
2026-09-24 16:21:48,063 | INFO | MainThread | [98/100] -yRb-Jum7EQ$_$5 completed (7.54s)
2026-09-24 16:21:51,225 | INFO | MainThread | [99/100] -yRb-Jum7EQ$_$1 completed (10.96s)
2026-09-24 16:21:57,600 | INFO | MainThread | [100/100] -iRBcNs9oI8$_$9 completed (43.76s)
2026-09-24 16:21:59,001 | INFO | MainThread | 步骤2/4 参数初始化: config_fingerprint=e34cbeebe328
2026-09-24 16:21:59,001 | INFO | MainThread | 步骤3/4 模型调用
2026-09-24 16:21:59,004 | INFO | MainThread | 模型求解开始: 样本=100, alignment_workers=15, overwrite=True
2026-09-24 16:22:01,509 | INFO | p1-align_5 | -571d8cVauQ$_$0 对齐迭代 1/8: objective=2.399508, delta=0.170457
2026-09-24 16:22:01,976 | INFO | p1-align_9 | -9y-fZ3swSY$_$4 对齐迭代 1/8: objective=1.862071, delta=0.144790
2026-09-24 16:22:02,272 | INFO | p1-align_13 | -HwX2H8Z4hY$_$2 对齐迭代 1/8: objective=1.747298, delta=0.185006
2026-09-24 16:22:02,355 | INFO | p1-align_5 | -571d8cVauQ$_$0 对齐迭代 2/8: objective=2.328595, delta=0.006615
2026-09-24 16:22:03,071 | INFO | p1-align_5 | -571d8cVauQ$_$0 对齐迭代 3/8: objective=2.328854, delta=0.000293
2026-09-24 16:22:03,302 | INFO | p1-align_9 | -9y-fZ3swSY$_$4 对齐迭代 2/8: objective=1.798216, delta=0.000921
2026-09-24 16:22:03,808 | INFO | p1-align_13 | -HwX2H8Z4hY$_$2 对齐迭代 2/8: objective=1.635536, delta=0.001176
2026-09-24 16:22:03,865 | INFO | p1-align_5 | -571d8cVauQ$_$0 对齐迭代 4/8: objective=2.328886, delta=0.000039
2026-09-24 16:22:03,949 | INFO | MainThread | [1/100] -571d8cVauQ$_$0 completed: objective=2.328886, uncertainty=0.2891 (4.94s)
2026-09-24 16:22:04,118 | INFO | p1-align_8 | -9y-fZ3swSY$_$0 对齐迭代 1/8: objective=1.986276, delta=0.148226
2026-09-24 16:22:04,469 | INFO | p1-align_14 | -HwX2H8Z4hY$_$5 对齐迭代 1/8: objective=1.784846, delta=0.145307
2026-09-24 16:22:04,653 | INFO | p1-align_9 | -9y-fZ3swSY$_$4 对齐迭代 3/8: objective=1.798189, delta=0.000027
2026-09-24 16:22:04,708 | INFO | p1-align_0 | -3g5yACwYnA$_$13 对齐迭代 1/8: objective=1.880590, delta=0.137903
2026-09-24 16:22:04,774 | INFO | MainThread | [2/100] -9y-fZ3swSY$_$4 completed: objective=1.798189, uncertainty=0.3557 (5.76s)
2026-09-24 16:22:04,780 | INFO | p1-align_12 | -HeZS2-Prhc$_$2 对齐迭代 1/8: objective=2.000987, delta=0.136042
2026-09-24 16:22:05,076 | INFO | p1-align_10 | -9y-fZ3swSY$_$8 对齐迭代 1/8: objective=2.021087, delta=0.153406
2026-09-24 16:22:05,234 | INFO | p1-align_5 | -HwX2H8Z4hY$_$6 对齐迭代 1/8: objective=1.680695, delta=0.128602
2026-09-24 16:22:05,465 | INFO | p1-align_13 | -HwX2H8Z4hY$_$2 对齐迭代 3/8: objective=1.635594, delta=0.000006
2026-09-24 16:22:05,545 | INFO | MainThread | [3/100] -HwX2H8Z4hY$_$2 completed: objective=1.635594, uncertainty=0.3290 (6.53s)
2026-09-24 16:22:05,930 | INFO | p1-align_5 | -HwX2H8Z4hY$_$6 对齐迭代 2/8: objective=1.653063, delta=0.000389
2026-09-24 16:22:06,503 | INFO | p1-align_4 | -3nNcZdcdvU$_$5 对齐迭代 1/8: objective=2.647238, delta=0.135821
2026-09-24 16:22:06,620 | INFO | p1-align_5 | -HwX2H8Z4hY$_$6 对齐迭代 3/8: objective=1.653096, delta=0.000004
2026-09-24 16:22:06,687 | INFO | MainThread | [4/100] -HwX2H8Z4hY$_$6 completed: objective=1.653096, uncertainty=0.3014 (2.74s)
2026-09-24 16:22:07,109 | INFO | p1-align_2 | -3g5yACwYnA$_$3 对齐迭代 1/8: objective=1.612683, delta=0.126268
2026-09-24 16:22:07,652 | INFO | p1-align_8 | -9y-fZ3swSY$_$0 对齐迭代 2/8: objective=1.883538, delta=0.004679
2026-09-24 16:22:08,304 | INFO | p1-align_1 | -3g5yACwYnA$_$2 对齐迭代 1/8: objective=1.995459, delta=0.139766
2026-09-24 16:22:08,363 | INFO | p1-align_14 | -HwX2H8Z4hY$_$5 对齐迭代 2/8: objective=1.722828, delta=0.001579
2026-09-24 16:22:08,754 | INFO | p1-align_0 | -3g5yACwYnA$_$13 对齐迭代 2/8: objective=1.839863, delta=0.001316
2026-09-24 16:22:08,861 | INFO | p1-align_12 | -HeZS2-Prhc$_$2 对齐迭代 2/8: objective=1.961584, delta=0.007176
2026-09-24 16:22:09,063 | INFO | p1-align_11 | -AUZQgSxyPQ$_$2 对齐迭代 1/8: objective=1.808882, delta=0.140942
2026-09-24 16:22:09,192 | INFO | p1-align_10 | -9y-fZ3swSY$_$8 对齐迭代 2/8: objective=1.921912, delta=0.003378
2026-09-24 16:22:09,478 | INFO | p1-align_9 | -HwX2H8Z4hY$_$9 对齐迭代 1/8: objective=1.488662, delta=0.115877
2026-09-24 16:22:10,639 | INFO | p1-align_8 | -9y-fZ3swSY$_$0 对齐迭代 3/8: objective=1.883883, delta=0.000280
2026-09-24 16:22:10,860 | INFO | p1-align_3 | -3g5yACwYnA$_$9 对齐迭代 1/8: objective=2.082805, delta=0.170523
2026-09-24 16:22:11,476 | INFO | p1-align_4 | -3nNcZdcdvU$_$5 对齐迭代 2/8: objective=2.596051, delta=0.011208
2026-09-24 16:22:11,790 | INFO | p1-align_14 | -HwX2H8Z4hY$_$5 对齐迭代 3/8: objective=1.722795, delta=0.000058
2026-09-24 16:22:11,894 | INFO | MainThread | [5/100] -HwX2H8Z4hY$_$5 completed: objective=1.722795, uncertainty=0.3006 (12.87s)
2026-09-24 16:22:12,071 | INFO | p1-align_0 | -3g5yACwYnA$_$13 对齐迭代 3/8: objective=1.839895, delta=0.000048
2026-09-24 16:22:12,171 | INFO | MainThread | [6/100] -3g5yACwYnA$_$13 completed: objective=1.839895, uncertainty=0.3135 (13.16s)
2026-09-24 16:22:12,617 | INFO | p1-align_12 | -HeZS2-Prhc$_$2 对齐迭代 3/8: objective=1.962396, delta=0.001146
2026-09-24 16:22:12,940 | INFO | p1-align_7 | -6rXp3zJ3kc$_$8 对齐迭代 1/8: objective=2.085526, delta=0.136900
2026-09-24 16:22:12,954 | INFO | p1-align_2 | -3g5yACwYnA$_$3 对齐迭代 2/8: objective=1.551213, delta=0.008019
2026-09-24 16:22:13,057 | INFO | p1-align_10 | -9y-fZ3swSY$_$8 对齐迭代 3/8: objective=1.921649, delta=0.000170
2026-09-24 16:22:13,146 | INFO | p1-align_6 | -571d8cVauQ$_$5 对齐迭代 1/8: objective=1.556483, delta=0.139134
2026-09-24 16:22:13,158 | INFO | p1-align_9 | -HwX2H8Z4hY$_$9 对齐迭代 2/8: objective=1.453547, delta=0.005118
2026-09-24 16:22:13,429 | INFO | p1-align_13 | -I_e4mIh0yE$_$1 对齐迭代 1/8: objective=2.425601, delta=0.154285
2026-09-24 16:22:13,789 | INFO | p1-align_5 | -I_e4mIh0yE$_$3 对齐迭代 1/8: objective=2.084158, delta=0.130790
2026-09-24 16:22:13,983 | INFO | p1-align_8 | -9y-fZ3swSY$_$0 对齐迭代 4/8: objective=1.883901, delta=0.000017
2026-09-24 16:22:14,096 | INFO | MainThread | [7/100] -9y-fZ3swSY$_$0 completed: objective=1.883901, uncertainty=0.3336 (15.08s)
2026-09-24 16:22:15,475 | INFO | p1-align_1 | -3g5yACwYnA$_$2 对齐迭代 2/8: objective=1.951578, delta=0.008266
2026-09-24 16:22:16,549 | INFO | p1-align_12 | -HeZS2-Prhc$_$2 对齐迭代 4/8: objective=1.962537, delta=0.000175
2026-09-24 16:22:16,653 | INFO | p1-align_9 | -HwX2H8Z4hY$_$9 对齐迭代 3/8: objective=1.454012, delta=0.000798
2026-09-24 16:22:16,801 | INFO | p1-align_4 | -3nNcZdcdvU$_$5 对齐迭代 3/8: objective=2.598612, delta=0.001268
2026-09-24 16:22:17,157 | INFO | p1-align_10 | -9y-fZ3swSY$_$8 对齐迭代 4/8: objective=1.921637, delta=0.000009
2026-09-24 16:22:17,237 | INFO | MainThread | [8/100] -9y-fZ3swSY$_$8 completed: objective=1.921637, uncertainty=0.3205 (18.22s)
2026-09-24 16:22:17,336 | INFO | p1-align_11 | -AUZQgSxyPQ$_$2 对齐迭代 2/8: objective=1.750234, delta=0.006544
2026-09-24 16:22:17,370 | INFO | p1-align_14 | -MeTTeMJBNc$_$0 对齐迭代 1/8: objective=2.514519, delta=0.153540
2026-09-24 16:22:17,489 | INFO | p1-align_0 | -MeTTeMJBNc$_$13 对齐迭代 1/8: objective=2.808651, delta=0.159983
2026-09-24 16:22:18,999 | INFO | p1-align_2 | -3g5yACwYnA$_$3 对齐迭代 3/8: objective=1.550963, delta=0.001016
2026-09-24 16:22:19,853 | INFO | p1-align_5 | -I_e4mIh0yE$_$3 对齐迭代 2/8: objective=2.014710, delta=0.008181
2026-09-24 16:22:20,049 | INFO | p1-align_13 | -I_e4mIh0yE$_$1 对齐迭代 2/8: objective=2.350123, delta=0.004168
2026-09-24 16:22:20,157 | INFO | p1-align_9 | -HwX2H8Z4hY$_$9 对齐迭代 4/8: objective=1.454073, delta=0.000157
2026-09-24 16:22:20,417 | INFO | p1-align_12 | -HeZS2-Prhc$_$2 对齐迭代 5/8: objective=1.962558, delta=0.000027
2026-09-24 16:22:20,529 | INFO | MainThread | [9/100] -HeZS2-Prhc$_$2 completed: objective=1.962558, uncertainty=0.2811 (21.51s)
2026-09-24 16:22:20,774 | INFO | p1-align_10 | -NFrJFQijFE$_$1 对齐迭代 1/8: objective=1.248465, delta=0.099650
2026-09-24 16:22:21,179 | INFO | p1-align_3 | -3g5yACwYnA$_$9 对齐迭代 2/8: objective=1.985163, delta=0.007349
2026-09-24 16:22:21,740 | INFO | p1-align_0 | -MeTTeMJBNc$_$13 对齐迭代 2/8: objective=2.707283, delta=0.002729
2026-09-24 16:22:21,939 | INFO | p1-align_4 | -3nNcZdcdvU$_$5 对齐迭代 4/8: objective=2.598912, delta=0.000117
2026-09-24 16:22:22,168 | INFO | p1-align_14 | -MeTTeMJBNc$_$0 对齐迭代 2/8: objective=2.412664, delta=0.009547
2026-09-24 16:22:22,579 | INFO | p1-align_1 | -3g5yACwYnA$_$2 对齐迭代 3/8: objective=1.950255, delta=0.001904
2026-09-24 16:22:22,780 | INFO | p1-align_8 | -MeTTeMJBNc$_$7 对齐迭代 1/8: objective=2.535029, delta=0.134938
2026-09-24 16:22:23,611 | INFO | p1-align_10 | -NFrJFQijFE$_$1 对齐迭代 2/8: objective=1.216269, delta=0.000629
2026-09-24 16:22:23,828 | INFO | p1-align_9 | -HwX2H8Z4hY$_$9 对齐迭代 5/8: objective=1.454086, delta=0.000034
2026-09-24 16:22:23,941 | INFO | MainThread | [10/100] -HwX2H8Z4hY$_$9 completed: objective=1.454086, uncertainty=0.3129 (19.17s)
2026-09-24 16:22:24,660 | INFO | p1-align_6 | -571d8cVauQ$_$5 对齐迭代 2/8: objective=1.488930, delta=0.004867
2026-09-24 16:22:25,039 | INFO | p1-align_2 | -3g5yACwYnA$_$3 对齐迭代 4/8: objective=1.550974, delta=0.000163
2026-09-24 16:22:25,122 | INFO | p1-align_7 | -6rXp3zJ3kc$_$8 对齐迭代 2/8: objective=2.026691, delta=0.005893
2026-09-24 16:22:25,578 | INFO | p1-align_11 | -AUZQgSxyPQ$_$2 对齐迭代 3/8: objective=1.750260, delta=0.000863
2026-09-24 16:22:26,045 | INFO | p1-align_0 | -MeTTeMJBNc$_$13 对齐迭代 3/8: objective=2.707192, delta=0.000157
2026-09-24 16:22:26,119 | INFO | p1-align_5 | -I_e4mIh0yE$_$3 对齐迭代 3/8: objective=2.015562, delta=0.001365
2026-09-24 16:22:26,301 | INFO | p1-align_10 | -NFrJFQijFE$_$1 对齐迭代 3/8: objective=1.216192, delta=0.000012
2026-09-24 16:22:26,394 | INFO | MainThread | [11/100] -NFrJFQijFE$_$1 completed: objective=1.216192, uncertainty=0.3080 (9.16s)
2026-09-24 16:22:26,676 | INFO | p1-align_14 | -MeTTeMJBNc$_$0 对齐迭代 3/8: objective=2.411137, delta=0.001364
2026-09-24 16:22:26,853 | INFO | p1-align_13 | -I_e4mIh0yE$_$1 对齐迭代 3/8: objective=2.350114, delta=0.000176
2026-09-24 16:22:26,997 | INFO | p1-align_4 | -3nNcZdcdvU$_$5 对齐迭代 5/8: objective=2.598940, delta=0.000011
2026-09-24 16:22:27,128 | INFO | MainThread | [12/100] -3nNcZdcdvU$_$5 completed: objective=2.598940, uncertainty=0.2979 (28.12s)
2026-09-24 16:22:27,710 | INFO | p1-align_9 | -RfYyzHpjk4$_$11 对齐迭代 1/8: objective=2.310826, delta=0.145313
2026-09-24 16:22:28,321 | INFO | p1-align_10 | -RfYyzHpjk4$_$2 对齐迭代 1/8: objective=2.029273, delta=0.190218
2026-09-24 16:22:29,518 | INFO | p1-align_4 | -RfYyzHpjk4$_$8 对齐迭代 1/8: objective=1.875811, delta=0.167840
2026-09-24 16:22:29,604 | INFO | p1-align_1 | -3g5yACwYnA$_$2 对齐迭代 4/8: objective=1.949950, delta=0.000532
2026-09-24 16:22:29,676 | INFO | p1-align_10 | -RfYyzHpjk4$_$2 对齐迭代 2/8: objective=1.897427, delta=0.008055
2026-09-24 16:22:30,269 | INFO | p1-align_0 | -MeTTeMJBNc$_$13 对齐迭代 4/8: objective=2.707187, delta=0.000011
2026-09-24 16:22:30,366 | INFO | MainThread | [13/100] -MeTTeMJBNc$_$13 completed: objective=2.707187, uncertainty=0.3383 (18.20s)
2026-09-24 16:22:30,649 | INFO | p1-align_12 | -NFrJFQijFE$_$2 对齐迭代 1/8: objective=1.853448, delta=0.134011
2026-09-24 16:22:30,763 | INFO | p1-align_9 | -RfYyzHpjk4$_$11 对齐迭代 2/8: objective=2.209278, delta=0.003934
2026-09-24 16:22:30,817 | INFO | p1-align_8 | -MeTTeMJBNc$_$7 对齐迭代 2/8: objective=2.495915, delta=0.006374
2026-09-24 16:22:31,011 | INFO | p1-align_2 | -3g5yACwYnA$_$3 对齐迭代 5/8: objective=1.550985, delta=0.000029
2026-09-24 16:22:31,140 | INFO | p1-align_10 | -RfYyzHpjk4$_$2 对齐迭代 3/8: objective=1.896471, delta=0.000759
2026-09-24 16:22:31,240 | INFO | MainThread | [14/100] -3g5yACwYnA$_$3 completed: objective=1.550985, uncertainty=0.2511 (32.23s)
2026-09-24 16:22:31,654 | INFO | p1-align_14 | -MeTTeMJBNc$_$0 对齐迭代 4/8: objective=2.411025, delta=0.000207
2026-09-24 16:22:31,715 | INFO | p1-align_4 | -RfYyzHpjk4$_$8 对齐迭代 2/8: objective=1.778849, delta=0.003705
2026-09-24 16:22:31,788 | INFO | p1-align_3 | -3g5yACwYnA$_$9 对齐迭代 3/8: objective=1.986121, delta=0.000542
2026-09-24 16:22:32,543 | INFO | p1-align_5 | -I_e4mIh0yE$_$3 对齐迭代 4/8: objective=2.015746, delta=0.000233
2026-09-24 16:22:32,737 | INFO | p1-align_10 | -RfYyzHpjk4$_$2 对齐迭代 4/8: objective=1.896455, delta=0.000064
2026-09-24 16:22:32,827 | INFO | MainThread | [15/100] -RfYyzHpjk4$_$2 completed: objective=1.896455, uncertainty=0.3639 (6.43s)
2026-09-24 16:22:33,029 | INFO | p1-align_11 | -AUZQgSxyPQ$_$2 对齐迭代 4/8: objective=1.750231, delta=0.000127
2026-09-24 16:22:33,554 | INFO | p1-align_4 | -RfYyzHpjk4$_$8 对齐迭代 3/8: objective=1.779500, delta=0.000151
2026-09-24 16:22:33,781 | INFO | p1-align_2 | -THoVjtIkeU$_$2 对齐迭代 1/8: objective=2.061002, delta=0.147867
2026-09-24 16:22:33,878 | INFO | p1-align_9 | -RfYyzHpjk4$_$11 对齐迭代 3/8: objective=2.209497, delta=0.000153
2026-09-24 16:22:33,994 | INFO | p1-align_13 | -I_e4mIh0yE$_$1 对齐迭代 4/8: objective=2.350110, delta=0.000011
2026-09-24 16:22:34,107 | INFO | MainThread | [16/100] -I_e4mIh0yE$_$1 completed: objective=2.350110, uncertainty=0.2944 (28.56s)
2026-09-24 16:22:35,622 | INFO | p1-align_4 | -RfYyzHpjk4$_$8 对齐迭代 4/8: objective=1.779527, delta=0.000009
2026-09-24 16:22:35,708 | INFO | MainThread | [17/100] -RfYyzHpjk4$_$8 completed: objective=1.779527, uncertainty=0.3250 (8.58s)
2026-09-24 16:22:35,878 | INFO | p1-align_2 | -THoVjtIkeU$_$2 对齐迭代 2/8: objective=2.003207, delta=0.000878
2026-09-24 16:22:36,169 | INFO | p1-align_6 | -571d8cVauQ$_$5 对齐迭代 3/8: objective=1.489300, delta=0.000454
2026-09-24 16:22:36,484 | INFO | p1-align_14 | -MeTTeMJBNc$_$0 对齐迭代 5/8: objective=2.411009, delta=0.000032
2026-09-24 16:22:36,694 | INFO | MainThread | [18/100] -MeTTeMJBNc$_$0 completed: objective=2.411009, uncertainty=0.2924 (24.80s)
2026-09-24 16:22:36,935 | INFO | p1-align_9 | -RfYyzHpjk4$_$11 对齐迭代 4/8: objective=2.209478, delta=0.000013
2026-09-24 16:22:37,020 | INFO | MainThread | [19/100] -RfYyzHpjk4$_$11 completed: objective=2.209478, uncertainty=0.3290 (13.08s)
2026-09-24 16:22:37,283 | INFO | p1-align_1 | -3g5yACwYnA$_$2 对齐迭代 5/8: objective=1.949862, delta=0.000157
2026-09-24 16:22:37,588 | INFO | p1-align_7 | -6rXp3zJ3kc$_$8 对齐迭代 3/8: objective=2.026685, delta=0.000702
2026-09-24 16:22:38,019 | INFO | p1-align_2 | -THoVjtIkeU$_$2 对齐迭代 3/8: objective=2.003020, delta=0.000025
2026-09-24 16:22:38,101 | INFO | MainThread | [20/100] -THoVjtIkeU$_$2 completed: objective=2.003020, uncertainty=0.3346 (6.86s)
2026-09-24 16:22:38,423 | INFO | p1-align_14 | -UacrmKiTn4$_$4 对齐迭代 1/8: objective=2.729275, delta=0.158204
2026-09-24 16:22:39,090 | INFO | p1-align_5 | -I_e4mIh0yE$_$3 对齐迭代 5/8: objective=2.015768, delta=0.000040
2026-09-24 16:22:39,224 | INFO | MainThread | [21/100] -I_e4mIh0yE$_$3 completed: objective=2.015768, uncertainty=0.2933 (32.54s)
2026-09-24 16:22:39,249 | INFO | p1-align_9 | -UuX1xuaiiE$_$0 对齐迭代 1/8: objective=2.272819, delta=0.153089
2026-09-24 16:22:39,383 | INFO | p1-align_8 | -MeTTeMJBNc$_$7 对齐迭代 3/8: objective=2.496432, delta=0.000566
2026-09-24 16:22:39,596 | INFO | p1-align_14 | -UacrmKiTn4$_$4 对齐迭代 2/8: objective=2.684548, delta=0.006112
2026-09-24 16:22:39,742 | INFO | p1-align_10 | -THoVjtIkeU$_$6 对齐迭代 1/8: objective=1.910420, delta=0.157956
2026-09-24 16:22:40,171 | INFO | p1-align_12 | -NFrJFQijFE$_$2 对齐迭代 2/8: objective=1.800503, delta=0.004449
2026-09-24 16:22:40,563 | INFO | p1-align_14 | -UacrmKiTn4$_$4 对齐迭代 3/8: objective=2.686111, delta=0.000402
2026-09-24 16:22:40,857 | INFO | p1-align_9 | -UuX1xuaiiE$_$0 对齐迭代 2/8: objective=2.221345, delta=0.001215
2026-09-24 16:22:40,910 | INFO | p1-align_4 | -UacrmKiTn4$_$10 对齐迭代 1/8: objective=2.067271, delta=0.135871
2026-09-24 16:22:41,313 | INFO | p1-align_11 | -AUZQgSxyPQ$_$2 对齐迭代 5/8: objective=1.750226, delta=0.000020
2026-09-24 16:22:41,498 | INFO | p1-align_0 | -THoVjtIkeU$_$12 对齐迭代 1/8: objective=2.006283, delta=0.155109
2026-09-24 16:22:41,557 | INFO | MainThread | [22/100] -AUZQgSxyPQ$_$2 completed: objective=1.750226, uncertainty=0.2316 (42.54s)
2026-09-24 16:22:41,751 | INFO | p1-align_14 | -UacrmKiTn4$_$4 对齐迭代 4/8: objective=2.686244, delta=0.000027
2026-09-24 16:22:41,830 | INFO | MainThread | [23/100] -UacrmKiTn4$_$4 completed: objective=2.686244, uncertainty=0.3329 (5.14s)
2026-09-24 16:22:41,926 | INFO | p1-align_5 | -UuX1xuaiiE$_$3 对齐迭代 1/8: objective=1.423293, delta=0.118002
2026-09-24 16:22:42,326 | INFO | p1-align_13 | -UUCSKoHeMA$_$0 对齐迭代 1/8: objective=2.489782, delta=0.165230
2026-09-24 16:22:42,546 | INFO | p1-align_9 | -UuX1xuaiiE$_$0 对齐迭代 3/8: objective=2.221182, delta=0.000025
2026-09-24 16:22:42,672 | INFO | p1-align_3 | -3g5yACwYnA$_$9 对齐迭代 4/8: objective=1.986196, delta=0.000047
2026-09-24 16:22:42,676 | INFO | MainThread | [24/100] -UuX1xuaiiE$_$0 completed: objective=2.221182, uncertainty=0.3291 (5.65s)
2026-09-24 16:22:42,815 | INFO | MainThread | [25/100] -3g5yACwYnA$_$9 completed: objective=1.986196, uncertainty=0.2930 (43.81s)
2026-09-24 16:22:44,409 | INFO | p1-align_5 | -UuX1xuaiiE$_$3 对齐迭代 2/8: objective=1.392418, delta=0.000197
2026-09-24 16:22:45,236 | INFO | p1-align_1 | -3g5yACwYnA$_$2 对齐迭代 6/8: objective=1.949836, delta=0.000047
2026-09-24 16:22:45,383 | INFO | MainThread | [26/100] -3g5yACwYnA$_$2 completed: objective=1.949836, uncertainty=0.2616 (46.38s)
2026-09-24 16:22:45,532 | INFO | p1-align_4 | -UacrmKiTn4$_$10 对齐迭代 2/8: objective=1.983833, delta=0.002389
2026-09-24 16:22:46,598 | INFO | p1-align_5 | -UuX1xuaiiE$_$3 对齐迭代 3/8: objective=1.392435, delta=0.000001
2026-09-24 16:22:46,679 | INFO | MainThread | [27/100] -UuX1xuaiiE$_$3 completed: objective=1.392435, uncertainty=0.3157 (7.45s)
2026-09-24 16:22:48,024 | INFO | p1-align_10 | -THoVjtIkeU$_$6 对齐迭代 2/8: objective=1.776715, delta=0.006102
2026-09-24 16:22:48,550 | INFO | p1-align_8 | -MeTTeMJBNc$_$7 对齐迭代 4/8: objective=2.496468, delta=0.000065
2026-09-24 16:22:48,662 | INFO | p1-align_6 | -571d8cVauQ$_$5 对齐迭代 4/8: objective=1.489371, delta=0.000064
2026-09-24 16:22:48,703 | INFO | MainThread | [28/100] -MeTTeMJBNc$_$7 completed: objective=2.496468, uncertainty=0.2985 (34.61s)
2026-09-24 16:22:48,871 | INFO | MainThread | [29/100] -571d8cVauQ$_$5 completed: objective=1.489371, uncertainty=0.2584 (49.86s)
2026-09-24 16:22:49,251 | INFO | p1-align_9 | -aNfi7CP8vM$_$7 对齐迭代 1/8: objective=2.509543, delta=0.138655
2026-09-24 16:22:49,672 | INFO | p1-align_11 | -UuX1xuaiiE$_$6 对齐迭代 1/8: objective=1.709515, delta=0.125604
2026-09-24 16:22:49,784 | INFO | p1-align_13 | -UUCSKoHeMA$_$0 对齐迭代 2/8: objective=2.390936, delta=0.009098
2026-09-24 16:22:49,861 | INFO | p1-align_4 | -UacrmKiTn4$_$10 对齐迭代 3/8: objective=1.983593, delta=0.000120
2026-09-24 16:22:50,239 | INFO | p1-align_12 | -NFrJFQijFE$_$2 对齐迭代 3/8: objective=1.800067, delta=0.000720
2026-09-24 16:22:50,921 | INFO | p1-align_7 | -6rXp3zJ3kc$_$8 对齐迭代 4/8: objective=2.026706, delta=0.000117
2026-09-24 16:22:51,816 | INFO | p1-align_0 | -THoVjtIkeU$_$12 对齐迭代 2/8: objective=1.917007, delta=0.008939
2026-09-24 16:22:53,297 | INFO | p1-align_2 | -UuX1xuaiiE$_$1 对齐迭代 1/8: objective=1.556167, delta=0.144746
2026-09-24 16:22:53,664 | INFO | p1-align_4 | -UacrmKiTn4$_$10 对齐迭代 4/8: objective=1.983581, delta=0.000008
2026-09-24 16:22:53,788 | INFO | MainThread | [30/100] -UacrmKiTn4$_$10 completed: objective=1.983581, uncertainty=0.3011 (18.08s)
2026-09-24 16:22:53,815 | INFO | p1-align_14 | -a55Q6RWvTA$_$3 对齐迭代 1/8: objective=2.101386, delta=0.150585
2026-09-24 16:22:54,748 | INFO | p1-align_9 | -aNfi7CP8vM$_$7 对齐迭代 2/8: objective=2.447511, delta=0.004820
2026-09-24 16:22:55,712 | INFO | p1-align_5 | -dxfTGcXJoc$_$1 对齐迭代 1/8: objective=2.375563, delta=0.152349
2026-09-24 16:22:55,823 | INFO | p1-align_10 | -THoVjtIkeU$_$6 对齐迭代 3/8: objective=1.776039, delta=0.001434
2026-09-24 16:22:56,301 | INFO | p1-align_3 | -aqamKhZ1Ec$_$0 对齐迭代 1/8: objective=1.549847, delta=0.140151
2026-09-24 16:22:56,408 | INFO | p1-align_11 | -UuX1xuaiiE$_$6 对齐迭代 2/8: objective=1.654326, delta=0.004229
2026-09-24 16:22:56,662 | INFO | p1-align_13 | -UUCSKoHeMA$_$0 对齐迭代 3/8: objective=2.392736, delta=0.000302
2026-09-24 16:22:58,429 | INFO | p1-align_1 | -dxfTGcXJoc$_$0 对齐迭代 1/8: objective=3.386848, delta=0.207747
2026-09-24 16:22:59,216 | INFO | p1-align_12 | -NFrJFQijFE$_$2 对齐迭代 4/8: objective=1.800003, delta=0.000140
2026-09-24 16:23:00,130 | INFO | p1-align_9 | -aNfi7CP8vM$_$7 对齐迭代 3/8: objective=2.447402, delta=0.000259
2026-09-24 16:23:01,216 | INFO | p1-align_8 | -dxfTGcXJoc$_$2 对齐迭代 1/8: objective=2.209873, delta=0.151674
2026-09-24 16:23:01,450 | INFO | p1-align_0 | -THoVjtIkeU$_$12 对齐迭代 3/8: objective=1.917426, delta=0.000852
2026-09-24 16:23:02,246 | INFO | p1-align_4 | -egA8-b7-3M$_$1 对齐迭代 1/8: objective=1.817494, delta=0.136220
2026-09-24 16:23:02,903 | INFO | p1-align_11 | -UuX1xuaiiE$_$6 对齐迭代 3/8: objective=1.654310, delta=0.000417
2026-09-24 16:23:03,371 | INFO | p1-align_13 | -UUCSKoHeMA$_$0 对齐迭代 4/8: objective=2.392841, delta=0.000027
2026-09-24 16:23:03,418 | INFO | p1-align_10 | -THoVjtIkeU$_$6 对齐迭代 4/8: objective=1.775854, delta=0.000354
2026-09-24 16:23:03,511 | INFO | MainThread | [31/100] -UUCSKoHeMA$_$0 completed: objective=2.392841, uncertainty=0.2991 (29.40s)
2026-09-24 16:23:03,518 | INFO | p1-align_7 | -6rXp3zJ3kc$_$8 对齐迭代 5/8: objective=2.026711, delta=0.000021
2026-09-24 16:23:03,751 | INFO | MainThread | [32/100] -6rXp3zJ3kc$_$8 completed: objective=2.026711, uncertainty=0.2804 (64.74s)
2026-09-24 16:23:04,099 | INFO | p1-align_5 | -dxfTGcXJoc$_$1 对齐迭代 2/8: objective=2.266190, delta=0.008507
2026-09-24 16:23:05,956 | INFO | p1-align_9 | -aNfi7CP8vM$_$7 对齐迭代 4/8: objective=2.447378, delta=0.000017
2026-09-24 16:23:06,086 | INFO | MainThread | [33/100] -aNfi7CP8vM$_$7 completed: objective=2.447378, uncertainty=0.2876 (23.41s)
2026-09-24 16:23:06,384 | INFO | p1-align_7 | -egA8-b7-3M$_$16 对齐迭代 1/8: objective=2.377970, delta=0.126287
2026-09-24 16:23:06,420 | INFO | p1-align_14 | -a55Q6RWvTA$_$3 对齐迭代 2/8: objective=2.017618, delta=0.007409
2026-09-24 16:23:06,750 | INFO | p1-align_13 | -egA8-b7-3M$_$13 对齐迭代 1/8: objective=2.284863, delta=0.150050
2026-09-24 16:23:07,378 | INFO | p1-align_2 | -UuX1xuaiiE$_$1 对齐迭代 2/8: objective=1.510957, delta=0.005761
2026-09-24 16:23:07,644 | INFO | p1-align_3 | -aqamKhZ1Ec$_$0 对齐迭代 2/8: objective=1.506733, delta=0.008599
2026-09-24 16:23:07,968 | INFO | p1-align_6 | -dxfTGcXJoc$_$6 对齐迭代 1/8: objective=2.189480, delta=0.152425
2026-09-24 16:23:08,143 | INFO | p1-align_7 | -egA8-b7-3M$_$16 对齐迭代 2/8: objective=2.330183, delta=0.001049
2026-09-24 16:23:08,826 | INFO | p1-align_12 | -NFrJFQijFE$_$2 对齐迭代 5/8: objective=1.799990, delta=0.000028
2026-09-24 16:23:08,939 | INFO | MainThread | [34/100] -NFrJFQijFE$_$2 completed: objective=1.799990, uncertainty=0.3237 (48.41s)
2026-09-24 16:23:09,257 | INFO | p1-align_13 | -egA8-b7-3M$_$13 对齐迭代 2/8: objective=2.207913, delta=0.001950
2026-09-24 16:23:09,971 | INFO | p1-align_11 | -UuX1xuaiiE$_$6 对齐迭代 4/8: objective=1.654295, delta=0.000053
2026-09-24 16:23:10,069 | INFO | p1-align_7 | -egA8-b7-3M$_$16 对齐迭代 3/8: objective=2.330160, delta=0.000028
2026-09-24 16:23:10,134 | INFO | MainThread | [35/100] -UuX1xuaiiE$_$6 completed: objective=1.654295, uncertainty=0.2987 (28.58s)
2026-09-24 16:23:10,227 | INFO | MainThread | [36/100] -egA8-b7-3M$_$16 completed: objective=2.330160, uncertainty=0.2945 (6.48s)
2026-09-24 16:23:10,424 | INFO | p1-align_4 | -egA8-b7-3M$_$1 对齐迭代 2/8: objective=1.760532, delta=0.002440
2026-09-24 16:23:11,547 | INFO | p1-align_10 | -THoVjtIkeU$_$6 对齐迭代 5/8: objective=1.775827, delta=0.000087
2026-09-24 16:23:11,675 | INFO | MainThread | [37/100] -THoVjtIkeU$_$6 completed: objective=1.775827, uncertainty=0.3164 (38.85s)
2026-09-24 16:23:11,813 | INFO | p1-align_0 | -THoVjtIkeU$_$12 对齐迭代 4/8: objective=1.917467, delta=0.000088
2026-09-24 16:23:11,990 | INFO | MainThread | [38/100] -THoVjtIkeU$_$12 completed: objective=1.917467, uncertainty=0.2668 (41.62s)
2026-09-24 16:23:12,240 | INFO | p1-align_1 | -dxfTGcXJoc$_$0 对齐迭代 2/8: objective=3.220086, delta=0.003524
2026-09-24 16:23:12,382 | INFO | p1-align_13 | -egA8-b7-3M$_$13 对齐迭代 3/8: objective=2.207910, delta=0.000041
2026-09-24 16:23:12,463 | INFO | MainThread | [39/100] -egA8-b7-3M$_$13 completed: objective=2.207910, uncertainty=0.3388 (8.95s)
2026-09-24 16:23:13,137 | INFO | p1-align_5 | -dxfTGcXJoc$_$1 对齐迭代 3/8: objective=2.265878, delta=0.001035
2026-09-24 16:23:13,412 | INFO | p1-align_8 | -dxfTGcXJoc$_$2 对齐迭代 2/8: objective=2.128413, delta=0.008468
2026-09-24 16:23:14,342 | INFO | p1-align_9 | -egA8-b7-3M$_$17 对齐迭代 1/8: objective=2.069561, delta=0.144978
2026-09-24 16:23:14,725 | INFO | p1-align_11 | -egA8-b7-3M$_$20 对齐迭代 1/8: objective=2.219658, delta=0.150265
2026-09-24 16:23:15,217 | INFO | p1-align_12 | -egA8-b7-3M$_$18 对齐迭代 1/8: objective=2.027607, delta=0.150979
2026-09-24 16:23:15,460 | INFO | p1-align_0 | -egA8-b7-3M$_$9 对齐迭代 1/8: objective=2.485137, delta=0.142023
2026-09-24 16:23:15,909 | INFO | p1-align_10 | -egA8-b7-3M$_$6 对齐迭代 1/8: objective=2.404299, delta=0.157164
2026-09-24 16:23:16,748 | INFO | p1-align_7 | -egA8-b7-3M$_$26 对齐迭代 1/8: objective=2.419507, delta=0.135629
2026-09-24 16:23:17,555 | INFO | p1-align_11 | -egA8-b7-3M$_$20 对齐迭代 2/8: objective=2.126924, delta=0.005973
2026-09-24 16:23:17,650 | INFO | p1-align_14 | -a55Q6RWvTA$_$3 对齐迭代 3/8: objective=2.018426, delta=0.000692
2026-09-24 16:23:18,134 | INFO | p1-align_4 | -egA8-b7-3M$_$1 对齐迭代 3/8: objective=1.761011, delta=0.000115
2026-09-24 16:23:18,285 | INFO | p1-align_0 | -egA8-b7-3M$_$9 对齐迭代 2/8: objective=2.397174, delta=0.001487
2026-09-24 16:23:18,927 | INFO | p1-align_10 | -egA8-b7-3M$_$6 对齐迭代 2/8: objective=2.345743, delta=0.001706
2026-09-24 16:23:19,469 | INFO | p1-align_13 | -hnBHBN8p5A$_$6 对齐迭代 1/8: objective=2.021506, delta=0.122012
2026-09-24 16:23:19,563 | INFO | p1-align_3 | -aqamKhZ1Ec$_$0 对齐迭代 3/8: objective=1.507760, delta=0.001058
2026-09-24 16:23:20,316 | INFO | p1-align_12 | -egA8-b7-3M$_$18 对齐迭代 2/8: objective=1.936766, delta=0.006685
2026-09-24 16:23:20,678 | INFO | p1-align_9 | -egA8-b7-3M$_$17 对齐迭代 2/8: objective=1.983605, delta=0.003005
2026-09-24 16:23:20,943 | INFO | p1-align_11 | -egA8-b7-3M$_$20 对齐迭代 3/8: objective=2.126593, delta=0.000928
2026-09-24 16:23:21,455 | INFO | p1-align_0 | -egA8-b7-3M$_$9 对齐迭代 3/8: objective=2.397171, delta=0.000073
2026-09-24 16:23:21,542 | INFO | MainThread | [40/100] -egA8-b7-3M$_$9 completed: objective=2.397171, uncertainty=0.3019 (9.55s)
2026-09-24 16:23:21,751 | INFO | p1-align_5 | -dxfTGcXJoc$_$1 对齐迭代 4/8: objective=2.265754, delta=0.000172
2026-09-24 16:23:21,812 | INFO | p1-align_7 | -egA8-b7-3M$_$26 对齐迭代 2/8: objective=2.366182, delta=0.001632
2026-09-24 16:23:22,035 | INFO | p1-align_10 | -egA8-b7-3M$_$6 对齐迭代 3/8: objective=2.346108, delta=0.000030
2026-09-24 16:23:22,063 | INFO | p1-align_2 | -UuX1xuaiiE$_$1 对齐迭代 3/8: objective=1.511791, delta=0.000908
2026-09-24 16:23:22,134 | INFO | MainThread | [41/100] -egA8-b7-3M$_$6 completed: objective=2.346108, uncertainty=0.2977 (10.46s)
2026-09-24 16:23:24,003 | INFO | p1-align_11 | -egA8-b7-3M$_$20 对齐迭代 4/8: objective=2.126565, delta=0.000189
2026-09-24 16:23:24,477 | INFO | p1-align_1 | -dxfTGcXJoc$_$0 对齐迭代 3/8: objective=3.220651, delta=0.000116
2026-09-24 16:23:24,764 | INFO | p1-align_8 | -dxfTGcXJoc$_$2 对齐迭代 3/8: objective=2.128945, delta=0.001381
2026-09-24 16:23:25,384 | INFO | p1-align_12 | -egA8-b7-3M$_$18 对齐迭代 3/8: objective=1.936475, delta=0.000688
2026-09-24 16:23:25,725 | INFO | p1-align_0 | -hnBHBN8p5A$_$7 对齐迭代 1/8: objective=2.708086, delta=0.147983
2026-09-24 16:23:25,830 | INFO | p1-align_4 | -egA8-b7-3M$_$1 对齐迭代 4/8: objective=1.761026, delta=0.000009
2026-09-24 16:23:25,884 | INFO | p1-align_13 | -hnBHBN8p5A$_$6 对齐迭代 2/8: objective=1.980953, delta=0.001816
2026-09-24 16:23:26,059 | INFO | MainThread | [42/100] -egA8-b7-3M$_$1 completed: objective=1.761026, uncertainty=0.2664 (32.27s)
2026-09-24 16:23:26,461 | INFO | p1-align_6 | -dxfTGcXJoc$_$6 对齐迭代 2/8: objective=2.093406, delta=0.008650
2026-09-24 16:23:26,768 | INFO | p1-align_10 | -iRBcNs9oI8$_$3 对齐迭代 1/8: objective=2.190392, delta=0.139763
2026-09-24 16:23:27,013 | INFO | p1-align_9 | -egA8-b7-3M$_$17 对齐迭代 3/8: objective=1.984014, delta=0.000100
2026-09-24 16:23:27,136 | INFO | MainThread | [43/100] -egA8-b7-3M$_$17 completed: objective=1.984014, uncertainty=0.3012 (21.05s)
2026-09-24 16:23:27,269 | INFO | p1-align_11 | -egA8-b7-3M$_$20 对齐迭代 5/8: objective=2.126558, delta=0.000040
2026-09-24 16:23:27,313 | INFO | p1-align_7 | -egA8-b7-3M$_$26 对齐迭代 3/8: objective=2.366591, delta=0.000075
2026-09-24 16:23:27,408 | INFO | MainThread | [44/100] -egA8-b7-3M$_$20 completed: objective=2.126558, uncertainty=0.3294 (17.27s)
2026-09-24 16:23:27,423 | INFO | MainThread | [45/100] -egA8-b7-3M$_$26 completed: objective=2.366591, uncertainty=0.3260 (17.19s)
2026-09-24 16:23:28,046 | INFO | p1-align_4 | -iRBcNs9oI8$_$6 对齐迭代 1/8: objective=2.145670, delta=0.124734
2026-09-24 16:23:28,656 | INFO | p1-align_14 | -a55Q6RWvTA$_$3 对齐迭代 4/8: objective=2.018544, delta=0.000068
2026-09-24 16:23:28,923 | INFO | MainThread | [46/100] -a55Q6RWvTA$_$3 completed: objective=2.018544, uncertainty=0.2610 (47.09s)
2026-09-24 16:23:29,515 | INFO | p1-align_4 | -iRBcNs9oI8$_$6 对齐迭代 2/8: objective=2.120424, delta=0.000378
2026-09-24 16:23:29,885 | INFO | p1-align_0 | -hnBHBN8p5A$_$7 对齐迭代 2/8: objective=2.678310, delta=0.007234
2026-09-24 16:23:30,512 | INFO | p1-align_9 | -iRBcNs9oI8$_$7 对齐迭代 1/8: objective=3.041602, delta=0.191604
2026-09-24 16:23:30,651 | INFO | p1-align_5 | -dxfTGcXJoc$_$1 对齐迭代 5/8: objective=2.265767, delta=0.000031
2026-09-24 16:23:30,845 | INFO | MainThread | [47/100] -dxfTGcXJoc$_$1 completed: objective=2.265767, uncertainty=0.2627 (44.16s)
2026-09-24 16:23:30,928 | INFO | p1-align_4 | -iRBcNs9oI8$_$6 对齐迭代 3/8: objective=2.120350, delta=0.000005
2026-09-24 16:23:30,995 | INFO | MainThread | [48/100] -iRBcNs9oI8$_$6 completed: objective=2.120350, uncertainty=0.3345 (4.94s)
2026-09-24 16:23:31,077 | INFO | p1-align_12 | -egA8-b7-3M$_$18 对齐迭代 4/8: objective=1.936384, delta=0.000081
2026-09-24 16:23:31,086 | INFO | p1-align_3 | -aqamKhZ1Ec$_$0 对齐迭代 4/8: objective=1.507900, delta=0.000228
2026-09-24 16:23:31,236 | INFO | MainThread | [49/100] -egA8-b7-3M$_$18 completed: objective=1.936384, uncertainty=0.2942 (22.30s)
2026-09-24 16:23:31,403 | INFO | p1-align_10 | -iRBcNs9oI8$_$3 对齐迭代 2/8: objective=2.143907, delta=0.005262
2026-09-24 16:23:31,733 | INFO | p1-align_11 | -iRBcNs9oI8$_$8 对齐迭代 1/8: objective=2.127209, delta=0.142590
2026-09-24 16:23:32,109 | INFO | p1-align_4 | -mJ2ud6oKI8$_$1 对齐迭代 1/8: objective=2.527451, delta=0.091902
2026-09-24 16:23:32,244 | INFO | p1-align_4 | -mJ2ud6oKI8$_$1 对齐迭代 2/8: objective=2.517684, delta=0.001025
2026-09-24 16:23:32,359 | INFO | p1-align_12 | -mJ2ud6oKI8$_$2 对齐迭代 1/8: objective=2.593926, delta=0.106004
2026-09-24 16:23:32,419 | INFO | p1-align_4 | -mJ2ud6oKI8$_$1 对齐迭代 3/8: objective=2.517640, delta=0.000046
2026-09-24 16:23:32,514 | INFO | p1-align_12 | -mJ2ud6oKI8$_$2 对齐迭代 2/8: objective=2.581741, delta=0.001144
2026-09-24 16:23:32,586 | INFO | MainThread | [50/100] -mJ2ud6oKI8$_$1 completed: objective=2.517640, uncertainty=0.2009 (1.59s)
2026-09-24 16:23:32,667 | INFO | p1-align_12 | -mJ2ud6oKI8$_$2 对齐迭代 3/8: objective=2.581665, delta=0.000049
2026-09-24 16:23:32,764 | INFO | MainThread | [51/100] -mJ2ud6oKI8$_$2 completed: objective=2.581665, uncertainty=0.2074 (1.53s)
2026-09-24 16:23:33,439 | INFO | p1-align_13 | -hnBHBN8p5A$_$6 对齐迭代 3/8: objective=1.980879, delta=0.000084
2026-09-24 16:23:33,505 | INFO | p1-align_9 | -iRBcNs9oI8$_$7 对齐迭代 2/8: objective=2.957875, delta=0.002283
2026-09-24 16:23:33,576 | INFO | MainThread | [52/100] -hnBHBN8p5A$_$6 completed: objective=1.980879, uncertainty=0.2887 (21.11s)
2026-09-24 16:23:34,166 | INFO | p1-align_4 | -mJ2ud6oKI8$_$6 对齐迭代 1/8: objective=1.451645, delta=0.108458
2026-09-24 16:23:34,178 | INFO | p1-align_0 | -hnBHBN8p5A$_$7 对齐迭代 3/8: objective=2.676510, delta=0.000426
2026-09-24 16:23:35,472 | INFO | p1-align_4 | -mJ2ud6oKI8$_$6 对齐迭代 2/8: objective=1.430547, delta=0.000024
2026-09-24 16:23:35,542 | INFO | MainThread | [53/100] -mJ2ud6oKI8$_$6 completed: objective=1.430547, uncertainty=0.3393 (2.95s)
2026-09-24 16:23:35,608 | INFO | p1-align_12 | -mJ2ud6oKI8$_$8 对齐迭代 1/8: objective=1.814896, delta=0.112090
2026-09-24 16:23:35,682 | INFO | p1-align_11 | -iRBcNs9oI8$_$8 对齐迭代 2/8: objective=2.060699, delta=0.002107
2026-09-24 16:23:36,148 | INFO | p1-align_10 | -iRBcNs9oI8$_$3 对齐迭代 3/8: objective=2.143808, delta=0.000375
2026-09-24 16:23:36,343 | INFO | p1-align_9 | -iRBcNs9oI8$_$7 对齐迭代 3/8: objective=2.958257, delta=0.000226
2026-09-24 16:23:36,762 | INFO | p1-align_2 | -UuX1xuaiiE$_$1 对齐迭代 4/8: objective=1.511901, delta=0.000193
2026-09-24 16:23:37,364 | INFO | p1-align_8 | -dxfTGcXJoc$_$2 对齐迭代 4/8: objective=2.129089, delta=0.000340
2026-09-24 16:23:37,382 | INFO | p1-align_1 | -dxfTGcXJoc$_$0 对齐迭代 4/8: objective=3.220672, delta=0.000005
2026-09-24 16:23:37,497 | INFO | p1-align_12 | -mJ2ud6oKI8$_$8 对齐迭代 2/8: objective=1.774995, delta=0.001457
2026-09-24 16:23:37,542 | INFO | p1-align_14 | -lzEya4AM_4$_$5 对齐迭代 1/8: objective=3.003090, delta=0.159693
2026-09-24 16:23:37,673 | INFO | MainThread | [54/100] -dxfTGcXJoc$_$0 completed: objective=3.220672, uncertainty=0.2242 (52.29s)
2026-09-24 16:23:38,106 | INFO | p1-align_0 | -hnBHBN8p5A$_$7 对齐迭代 4/8: objective=2.676494, delta=0.000091
2026-09-24 16:23:38,214 | INFO | MainThread | [55/100] -hnBHBN8p5A$_$7 completed: objective=2.676494, uncertainty=0.3007 (16.67s)
2026-09-24 16:23:38,883 | INFO | p1-align_9 | -iRBcNs9oI8$_$7 对齐迭代 4/8: objective=2.958303, delta=0.000027
2026-09-24 16:23:38,923 | INFO | p1-align_11 | -iRBcNs9oI8$_$8 对齐迭代 3/8: objective=2.060663, delta=0.000105
2026-09-24 16:23:39,085 | INFO | MainThread | [56/100] -iRBcNs9oI8$_$7 completed: objective=2.958303, uncertainty=0.3606 (11.95s)
2026-09-24 16:23:39,528 | INFO | p1-align_12 | -mJ2ud6oKI8$_$8 对齐迭代 3/8: objective=1.775006, delta=0.000069
2026-09-24 16:23:39,616 | INFO | MainThread | [57/100] -mJ2ud6oKI8$_$8 completed: objective=1.775006, uncertainty=0.3377 (6.85s)
2026-09-24 16:23:39,867 | INFO | p1-align_0 | -ri04Z7vwnc$_$0 对齐迭代 1/8: objective=1.296089, delta=0.119026
2026-09-24 16:23:40,097 | INFO | p1-align_5 | -lzEya4AM_4$_$6 对齐迭代 1/8: objective=1.933856, delta=0.139611
2026-09-24 16:23:40,274 | INFO | p1-align_4 | -mqbVkbCndg$_$0 对齐迭代 1/8: objective=2.458067, delta=0.161124
2026-09-24 16:23:40,466 | INFO | p1-align_7 | -iRBcNs9oI8$_$9 对齐迭代 1/8: objective=2.824471, delta=0.163448
2026-09-24 16:23:40,538 | INFO | p1-align_10 | -iRBcNs9oI8$_$3 对齐迭代 4/8: objective=2.143800, delta=0.000028
2026-09-24 16:23:40,637 | INFO | MainThread | [58/100] -iRBcNs9oI8$_$3 completed: objective=2.143800, uncertainty=0.2938 (18.50s)
2026-09-24 16:23:41,028 | INFO | p1-align_0 | -ri04Z7vwnc$_$0 对齐迭代 2/8: objective=1.214470, delta=0.000035
2026-09-24 16:23:41,093 | INFO | MainThread | [59/100] -ri04Z7vwnc$_$0 completed: objective=1.214470, uncertainty=0.3697 (2.88s)
2026-09-24 16:23:41,188 | INFO | p1-align_12 | -ri04Z7vwnc$_$5 对齐迭代 1/8: objective=1.356993, delta=0.128656
2026-09-24 16:23:42,018 | INFO | p1-align_12 | -ri04Z7vwnc$_$5 对齐迭代 2/8: objective=1.321357, delta=0.003690
2026-09-24 16:23:42,434 | INFO | p1-align_11 | -iRBcNs9oI8$_$8 对齐迭代 4/8: objective=2.060654, delta=0.000007
2026-09-24 16:23:42,557 | INFO | MainThread | [60/100] -iRBcNs9oI8$_$8 completed: objective=2.060654, uncertainty=0.3127 (15.15s)
2026-09-24 16:23:42,609 | INFO | p1-align_13 | -mJ2ud6oKI8$_$9 对齐迭代 1/8: objective=1.669251, delta=0.114519
2026-09-24 16:23:42,811 | INFO | p1-align_12 | -ri04Z7vwnc$_$5 对齐迭代 3/8: objective=1.321520, delta=0.000511
2026-09-24 16:23:43,082 | INFO | p1-align_1 | -qDkUB0GgYY$_$6 对齐迭代 1/8: objective=1.563881, delta=0.123012
2026-09-24 16:23:43,611 | INFO | p1-align_12 | -ri04Z7vwnc$_$5 对齐迭代 4/8: objective=1.321543, delta=0.000076
2026-09-24 16:23:43,689 | INFO | MainThread | [61/100] -ri04Z7vwnc$_$5 completed: objective=1.321543, uncertainty=0.3027 (4.07s)
2026-09-24 16:23:43,806 | INFO | p1-align_3 | -aqamKhZ1Ec$_$0 对齐迭代 5/8: objective=1.507923, delta=0.000052
2026-09-24 16:23:43,942 | INFO | MainThread | [62/100] -aqamKhZ1Ec$_$0 completed: objective=1.507923, uncertainty=0.2315 (61.12s)
2026-09-24 16:23:44,284 | INFO | p1-align_4 | -mqbVkbCndg$_$0 对齐迭代 2/8: objective=2.377255, delta=0.003950
2026-09-24 16:23:44,992 | INFO | p1-align_11 | -s9qJ7ATP7w$_$4 对齐迭代 1/8: objective=1.859535, delta=0.149757
2026-09-24 16:23:45,447 | INFO | p1-align_14 | -lzEya4AM_4$_$5 对齐迭代 2/8: objective=2.904222, delta=0.007432
2026-09-24 16:23:45,955 | INFO | p1-align_9 | -ri04Z7vwnc$_$2 对齐迭代 1/8: objective=3.695563, delta=0.167533
2026-09-24 16:23:46,166 | INFO | p1-align_11 | -s9qJ7ATP7w$_$4 对齐迭代 2/8: objective=1.815940, delta=0.003996
2026-09-24 16:23:46,477 | INFO | p1-align_6 | -dxfTGcXJoc$_$6 对齐迭代 3/8: objective=2.094048, delta=0.000839
2026-09-24 16:23:46,908 | INFO | p1-align_1 | -qDkUB0GgYY$_$6 对齐迭代 2/8: objective=1.517295, delta=0.001121
2026-09-24 16:23:47,198 | INFO | p1-align_0 | -s9qJ7ATP7w$_$1 对齐迭代 1/8: objective=1.586679, delta=0.116229
2026-09-24 16:23:47,316 | INFO | p1-align_3 | -s9qJ7ATP7w$_$6 对齐迭代 1/8: objective=1.269456, delta=0.116391
2026-09-24 16:23:47,382 | INFO | p1-align_11 | -s9qJ7ATP7w$_$4 对齐迭代 3/8: objective=1.816149, delta=0.000208
2026-09-24 16:23:47,542 | INFO | p1-align_5 | -lzEya4AM_4$_$6 对齐迭代 2/8: objective=1.848224, delta=0.006422
2026-09-24 16:23:47,753 | INFO | p1-align_4 | -mqbVkbCndg$_$0 对齐迭代 3/8: objective=2.377603, delta=0.000227
2026-09-24 16:23:47,918 | INFO | p1-align_12 | -s9qJ7ATP7w$_$5 对齐迭代 1/8: objective=1.841399, delta=0.120589
2026-09-24 16:23:48,772 | INFO | p1-align_11 | -s9qJ7ATP7w$_$4 对齐迭代 4/8: objective=1.816179, delta=0.000018
2026-09-24 16:23:48,860 | INFO | MainThread | [63/100] -s9qJ7ATP7w$_$4 completed: objective=1.816179, uncertainty=0.3211 (6.30s)
2026-09-24 16:23:49,253 | INFO | p1-align_8 | -dxfTGcXJoc$_$2 对齐迭代 5/8: objective=2.129121, delta=0.000102
2026-09-24 16:23:50,000 | INFO | p1-align_13 | -mJ2ud6oKI8$_$9 对齐迭代 2/8: objective=1.626626, delta=0.002386
2026-09-24 16:23:50,148 | INFO | p1-align_10 | -s9qJ7ATP7w$_$0 对齐迭代 1/8: objective=2.031857, delta=0.148360
2026-09-24 16:23:50,212 | INFO | p1-align_3 | -s9qJ7ATP7w$_$6 对齐迭代 2/8: objective=1.249366, delta=0.000038
2026-09-24 16:23:50,274 | INFO | MainThread | [64/100] -s9qJ7ATP7w$_$6 completed: objective=1.249366, uncertainty=0.3567 (6.33s)
2026-09-24 16:23:50,828 | INFO | p1-align_2 | -UuX1xuaiiE$_$1 对齐迭代 5/8: objective=1.511928, delta=0.000043
2026-09-24 16:23:50,963 | INFO | MainThread | [65/100] -UuX1xuaiiE$_$1 completed: objective=1.511928, uncertainty=0.3019 (72.86s)
2026-09-24 16:23:51,032 | INFO | p1-align_7 | -iRBcNs9oI8$_$9 对齐迭代 2/8: objective=2.723946, delta=0.001155
2026-09-24 16:23:51,112 | INFO | p1-align_1 | -qDkUB0GgYY$_$6 对齐迭代 3/8: objective=1.517451, delta=0.000032
2026-09-24 16:23:51,209 | INFO | MainThread | [66/100] -qDkUB0GgYY$_$6 completed: objective=1.517451, uncertainty=0.3375 (13.53s)
2026-09-24 16:23:51,399 | INFO | p1-align_4 | -mqbVkbCndg$_$0 对齐迭代 4/8: objective=2.377624, delta=0.000017
2026-09-24 16:23:51,474 | INFO | p1-align_12 | -s9qJ7ATP7w$_$5 对齐迭代 2/8: objective=1.793308, delta=0.002640
2026-09-24 16:23:51,531 | INFO | MainThread | [67/100] -mqbVkbCndg$_$0 completed: objective=2.377624, uncertainty=0.3221 (15.99s)
2026-09-24 16:23:51,700 | INFO | p1-align_3 | -s9qJ7ATP7w$_$8 对齐迭代 1/8: objective=1.573367, delta=0.170193
2026-09-24 16:23:52,090 | INFO | p1-align_9 | -ri04Z7vwnc$_$2 对齐迭代 2/8: objective=3.598315, delta=0.006218
2026-09-24 16:23:52,574 | INFO | p1-align_3 | -s9qJ7ATP7w$_$8 对齐迭代 2/8: objective=1.500957, delta=0.000441
2026-09-24 16:23:52,960 | INFO | p1-align_14 | -lzEya4AM_4$_$5 对齐迭代 3/8: objective=2.903508, delta=0.001131
2026-09-24 16:23:53,165 | INFO | p1-align_0 | -s9qJ7ATP7w$_$1 对齐迭代 2/8: objective=1.509895, delta=0.006203
2026-09-24 16:23:53,420 | INFO | p1-align_3 | -s9qJ7ATP7w$_$8 对齐迭代 3/8: objective=1.501029, delta=0.000002
2026-09-24 16:23:53,491 | INFO | MainThread | [68/100] -s9qJ7ATP7w$_$8 completed: objective=1.501029, uncertainty=0.3911 (3.22s)
2026-09-24 16:23:54,572 | INFO | p1-align_5 | -lzEya4AM_4$_$6 对齐迭代 3/8: objective=1.847222, delta=0.000645
2026-09-24 16:23:54,725 | INFO | p1-align_2 | -t217m2on-s$_$2 对齐迭代 1/8: objective=2.662635, delta=0.139695
2026-09-24 16:23:55,101 | INFO | p1-align_12 | -s9qJ7ATP7w$_$5 对齐迭代 3/8: objective=1.793487, delta=0.000113
2026-09-24 16:23:55,367 | INFO | p1-align_4 | -tANM6ETl_M$_$3 对齐迭代 1/8: objective=2.569209, delta=0.166665
2026-09-24 16:23:56,186 | INFO | p1-align_3 | -tPCytz4rww$_$10 对齐迭代 1/8: objective=1.920047, delta=0.159830
2026-09-24 16:23:57,020 | INFO | p1-align_13 | -mJ2ud6oKI8$_$9 对齐迭代 3/8: objective=1.627165, delta=0.000202
2026-09-24 16:23:57,280 | INFO | p1-align_9 | -ri04Z7vwnc$_$2 对齐迭代 3/8: objective=3.598071, delta=0.000429
2026-09-24 16:23:57,418 | INFO | p1-align_2 | -t217m2on-s$_$2 对齐迭代 2/8: objective=2.579408, delta=0.006975
2026-09-24 16:23:58,164 | INFO | p1-align_0 | -s9qJ7ATP7w$_$1 对齐迭代 3/8: objective=1.509242, delta=0.000808
2026-09-24 16:23:58,253 | INFO | p1-align_4 | -tANM6ETl_M$_$3 对齐迭代 2/8: objective=2.450998, delta=0.006788
2026-09-24 16:23:58,395 | INFO | p1-align_3 | -tPCytz4rww$_$10 对齐迭代 2/8: objective=1.851476, delta=0.012691
2026-09-24 16:23:58,624 | INFO | p1-align_12 | -s9qJ7ATP7w$_$5 对齐迭代 4/8: objective=1.793490, delta=0.000007
2026-09-24 16:23:58,796 | INFO | MainThread | [69/100] -s9qJ7ATP7w$_$5 completed: objective=1.793490, uncertainty=0.2834 (15.11s)
2026-09-24 16:23:59,113 | INFO | p1-align_10 | -s9qJ7ATP7w$_$0 对齐迭代 2/8: objective=1.979679, delta=0.003502
2026-09-24 16:23:59,690 | INFO | p1-align_14 | -lzEya4AM_4$_$5 对齐迭代 4/8: objective=2.903465, delta=0.000193
2026-09-24 16:24:00,186 | INFO | p1-align_2 | -t217m2on-s$_$2 对齐迭代 3/8: objective=2.579699, delta=0.000588
2026-09-24 16:24:00,854 | INFO | p1-align_3 | -tPCytz4rww$_$10 对齐迭代 3/8: objective=1.852256, delta=0.000449
2026-09-24 16:24:00,977 | INFO | p1-align_8 | -dxfTGcXJoc$_$2 对齐迭代 6/8: objective=2.129129, delta=0.000032
2026-09-24 16:24:01,161 | INFO | MainThread | [70/100] -dxfTGcXJoc$_$2 completed: objective=2.129129, uncertainty=0.2579 (72.46s)
2026-09-24 16:24:01,255 | INFO | p1-align_12 | -tPCytz4rww$_$11 对齐迭代 1/8: objective=1.843397, delta=0.143193
2026-09-24 16:24:01,331 | INFO | p1-align_11 | -s9qJ7ATP7w$_$7 对齐迭代 1/8: objective=1.952092, delta=0.172921
2026-09-24 16:24:01,630 | INFO | p1-align_4 | -tANM6ETl_M$_$3 对齐迭代 3/8: objective=2.450436, delta=0.000573
2026-09-24 16:24:01,789 | INFO | p1-align_5 | -lzEya4AM_4$_$6 对齐迭代 4/8: objective=1.847143, delta=0.000068
2026-09-24 16:24:01,856 | INFO | p1-align_7 | -iRBcNs9oI8$_$9 对齐迭代 3/8: objective=2.723952, delta=0.000042
2026-09-24 16:24:01,937 | INFO | MainThread | [71/100] -iRBcNs9oI8$_$9 completed: objective=2.723952, uncertainty=0.3121 (34.51s)
2026-09-24 16:24:02,014 | INFO | MainThread | [72/100] -lzEya4AM_4$_$6 completed: objective=1.847143, uncertainty=0.2657 (31.17s)
2026-09-24 16:24:03,135 | INFO | p1-align_12 | -tPCytz4rww$_$11 对齐迭代 2/8: objective=1.766422, delta=0.005425
2026-09-24 16:24:03,453 | INFO | p1-align_9 | -ri04Z7vwnc$_$2 对齐迭代 4/8: objective=3.598037, delta=0.000050
2026-09-24 16:24:03,565 | INFO | p1-align_2 | -t217m2on-s$_$2 对齐迭代 4/8: objective=2.579723, delta=0.000053
2026-09-24 16:24:03,622 | INFO | MainThread | [73/100] -ri04Z7vwnc$_$2 completed: objective=3.598037, uncertainty=0.3754 (24.54s)
2026-09-24 16:24:03,671 | INFO | MainThread | [74/100] -t217m2on-s$_$2 completed: objective=2.579723, uncertainty=0.2891 (12.71s)
2026-09-24 16:24:03,945 | INFO | p1-align_3 | -tPCytz4rww$_$10 对齐迭代 4/8: objective=1.852310, delta=0.000015
2026-09-24 16:24:04,034 | INFO | MainThread | [75/100] -tPCytz4rww$_$10 completed: objective=1.852310, uncertainty=0.3260 (10.54s)
2026-09-24 16:24:05,010 | INFO | p1-align_13 | -mJ2ud6oKI8$_$9 对齐迭代 4/8: objective=1.627187, delta=0.000024
2026-09-24 16:24:05,245 | INFO | MainThread | [76/100] -mJ2ud6oKI8$_$9 completed: objective=1.627187, uncertainty=0.3167 (31.67s)
2026-09-24 16:24:05,292 | INFO | p1-align_12 | -tPCytz4rww$_$11 对齐迭代 3/8: objective=1.765908, delta=0.000414
2026-09-24 16:24:05,488 | INFO | p1-align_4 | -tANM6ETl_M$_$3 对齐迭代 4/8: objective=2.450394, delta=0.000053
2026-09-24 16:24:05,625 | INFO | MainThread | [77/100] -tANM6ETl_M$_$3 completed: objective=2.450394, uncertainty=0.3373 (14.09s)
2026-09-24 16:24:05,881 | INFO | p1-align_0 | -s9qJ7ATP7w$_$1 对齐迭代 4/8: objective=1.509224, delta=0.000097
2026-09-24 16:24:05,971 | INFO | MainThread | [78/100] -s9qJ7ATP7w$_$1 completed: objective=1.509224, uncertainty=0.3147 (24.88s)
2026-09-24 16:24:06,095 | INFO | p1-align_6 | -dxfTGcXJoc$_$6 对齐迭代 4/8: objective=2.094139, delta=0.000089
2026-09-24 16:24:06,262 | INFO | MainThread | [79/100] -dxfTGcXJoc$_$6 completed: objective=2.094139, uncertainty=0.2626 (77.39s)
2026-09-24 16:24:07,328 | INFO | p1-align_12 | -tPCytz4rww$_$11 对齐迭代 4/8: objective=1.765881, delta=0.000031
2026-09-24 16:24:07,441 | INFO | MainThread | [80/100] -tPCytz4rww$_$11 completed: objective=1.765881, uncertainty=0.3379 (8.64s)
2026-09-24 16:24:07,451 | INFO | p1-align_1 | -t217m2on-s$_$7 对齐迭代 1/8: objective=2.247593, delta=0.124759
2026-09-24 16:24:07,615 | INFO | p1-align_13 | -wny0OAz3g8$_$0 对齐迭代 1/8: objective=2.215879, delta=0.166958
2026-09-24 16:24:07,735 | INFO | p1-align_7 | -tPCytz4rww$_$16 对齐迭代 1/8: objective=1.932814, delta=0.142972
2026-09-24 16:24:08,019 | INFO | p1-align_14 | -lzEya4AM_4$_$5 对齐迭代 5/8: objective=2.903462, delta=0.000033
2026-09-24 16:24:08,147 | INFO | MainThread | [81/100] -lzEya4AM_4$_$5 completed: objective=2.903462, uncertainty=0.3014 (39.22s)
2026-09-24 16:24:08,671 | INFO | p1-align_13 | -wny0OAz3g8$_$0 对齐迭代 2/8: objective=2.154037, delta=0.005521
2026-09-24 16:24:08,749 | INFO | p1-align_6 | -wny0OAz3g8$_$3 对齐迭代 1/8: objective=2.149147, delta=0.169798
2026-09-24 16:24:08,905 | INFO | p1-align_10 | -s9qJ7ATP7w$_$0 对齐迭代 3/8: objective=1.979803, delta=0.000363
2026-09-24 16:24:09,033 | INFO | p1-align_3 | -wMB_hJL-3o$_$7 对齐迭代 1/8: objective=3.215277, delta=0.172361
2026-09-24 16:24:09,435 | INFO | p1-align_9 | -uywlfIYOS8$_$4 对齐迭代 1/8: objective=2.193509, delta=0.143028
2026-09-24 16:24:09,555 | INFO | p1-align_5 | -tPCytz4rww$_$18 对齐迭代 1/8: objective=2.657727, delta=0.146899
2026-09-24 16:24:09,974 | INFO | p1-align_13 | -wny0OAz3g8$_$0 对齐迭代 3/8: objective=2.153480, delta=0.000667
2026-09-24 16:24:10,372 | INFO | p1-align_6 | -wny0OAz3g8$_$3 对齐迭代 2/8: objective=2.034320, delta=0.009520
2026-09-24 16:24:11,119 | INFO | p1-align_4 | -wny0OAz3g8$_$1 对齐迭代 1/8: objective=2.003411, delta=0.178360
2026-09-24 16:24:11,202 | INFO | p1-align_13 | -wny0OAz3g8$_$0 对齐迭代 4/8: objective=2.153449, delta=0.000080
2026-09-24 16:24:11,281 | INFO | MainThread | [82/100] -wny0OAz3g8$_$0 completed: objective=2.153449, uncertainty=0.3667 (6.04s)
2026-09-24 16:24:11,873 | INFO | p1-align_6 | -wny0OAz3g8$_$3 对齐迭代 3/8: objective=2.033727, delta=0.003594
2026-09-24 16:24:12,317 | INFO | p1-align_7 | -tPCytz4rww$_$16 对齐迭代 2/8: objective=1.855731, delta=0.009063
2026-09-24 16:24:12,545 | INFO | p1-align_2 | -vxjVxOeScU$_$4 对齐迭代 1/8: objective=2.080827, delta=0.130646
2026-09-24 16:24:12,729 | INFO | p1-align_3 | -wMB_hJL-3o$_$7 对齐迭代 2/8: objective=3.104646, delta=0.008744
2026-09-24 16:24:13,438 | INFO | p1-align_6 | -wny0OAz3g8$_$3 对齐迭代 4/8: objective=2.033554, delta=0.001202
2026-09-24 16:24:13,820 | INFO | p1-align_9 | -uywlfIYOS8$_$4 对齐迭代 2/8: objective=2.123608, delta=0.003873
2026-09-24 16:24:13,972 | INFO | p1-align_11 | -s9qJ7ATP7w$_$7 对齐迭代 2/8: objective=1.877654, delta=0.002946
2026-09-24 16:24:14,189 | INFO | p1-align_8 | -tPCytz4rww$_$12 对齐迭代 1/8: objective=2.302577, delta=0.142825
2026-09-24 16:24:14,699 | INFO | p1-align_13 | -wny0OAz3g8$_$9 对齐迭代 1/8: objective=1.590941, delta=0.156268
2026-09-24 16:24:14,950 | INFO | p1-align_6 | -wny0OAz3g8$_$3 对齐迭代 5/8: objective=2.033508, delta=0.000375
2026-09-24 16:24:15,407 | INFO | p1-align_5 | -tPCytz4rww$_$18 对齐迭代 2/8: objective=2.611430, delta=0.010702
2026-09-24 16:24:15,669 | INFO | p1-align_12 | -wny0OAz3g8$_$5 对齐迭代 1/8: objective=1.495031, delta=0.163163
2026-09-24 16:24:15,908 | INFO | p1-align_4 | -wny0OAz3g8$_$1 对齐迭代 2/8: objective=1.898692, delta=0.006356
2026-09-24 16:24:15,984 | INFO | p1-align_14 | -wny0OAz3g8$_$7 对齐迭代 1/8: objective=2.058459, delta=0.182429
2026-09-24 16:24:16,187 | INFO | p1-align_3 | -wMB_hJL-3o$_$7 对齐迭代 3/8: objective=3.105714, delta=0.001176
2026-09-24 16:24:16,470 | INFO | p1-align_6 | -wny0OAz3g8$_$3 对齐迭代 6/8: objective=2.033489, delta=0.000113
2026-09-24 16:24:16,749 | INFO | p1-align_7 | -tPCytz4rww$_$16 对齐迭代 3/8: objective=1.857413, delta=0.001031
2026-09-24 16:24:17,281 | INFO | p1-align_13 | -wny0OAz3g8$_$9 对齐迭代 2/8: objective=1.494940, delta=0.007639
2026-09-24 16:24:17,904 | INFO | p1-align_6 | -wny0OAz3g8$_$3 对齐迭代 7/8: objective=2.033485, delta=0.000035
2026-09-24 16:24:18,020 | INFO | MainThread | [83/100] -wny0OAz3g8$_$3 completed: objective=2.033485, uncertainty=0.3374 (11.76s)
2026-09-24 16:24:18,131 | INFO | p1-align_0 | -wny0OAz3g8$_$2 对齐迭代 1/8: objective=2.165669, delta=0.202592
2026-09-24 16:24:18,158 | INFO | p1-align_10 | -s9qJ7ATP7w$_$0 对齐迭代 4/8: objective=1.979800, delta=0.000041
2026-09-24 16:24:18,231 | INFO | p1-align_9 | -uywlfIYOS8$_$4 对齐迭代 3/8: objective=2.123252, delta=0.000361
2026-09-24 16:24:18,384 | INFO | MainThread | [84/100] -s9qJ7ATP7w$_$0 completed: objective=1.979800, uncertainty=0.3537 (37.75s)
2026-09-24 16:24:20,023 | INFO | p1-align_3 | -wMB_hJL-3o$_$7 对齐迭代 4/8: objective=3.105917, delta=0.000165
2026-09-24 16:24:20,102 | INFO | p1-align_2 | -vxjVxOeScU$_$4 对齐迭代 2/8: objective=2.004183, delta=0.003388
2026-09-24 16:24:20,257 | INFO | p1-align_13 | -wny0OAz3g8$_$9 对齐迭代 3/8: objective=1.493968, delta=0.000727
2026-09-24 16:24:20,968 | INFO | p1-align_4 | -wny0OAz3g8$_$1 对齐迭代 3/8: objective=1.898748, delta=0.000458
2026-09-24 16:24:21,547 | INFO | p1-align_7 | -tPCytz4rww$_$16 对齐迭代 4/8: objective=1.857618, delta=0.000137
2026-09-24 16:24:21,812 | INFO | p1-align_5 | -tPCytz4rww$_$18 对齐迭代 3/8: objective=2.611614, delta=0.003156
2026-09-24 16:24:21,834 | INFO | p1-align_1 | -t217m2on-s$_$7 对齐迭代 2/8: objective=2.183821, delta=0.003206
2026-09-24 16:24:22,649 | INFO | p1-align_14 | -wny0OAz3g8$_$7 对齐迭代 2/8: objective=1.917644, delta=0.008559
2026-09-24 16:24:22,727 | INFO | p1-align_13 | -wny0OAz3g8$_$9 对齐迭代 4/8: objective=1.493857, delta=0.000083
2026-09-24 16:24:22,841 | INFO | MainThread | [85/100] -wny0OAz3g8$_$9 completed: objective=1.493857, uncertainty=0.3331 (11.56s)
2026-09-24 16:24:22,916 | INFO | p1-align_9 | -uywlfIYOS8$_$4 对齐迭代 4/8: objective=2.123218, delta=0.000035
2026-09-24 16:24:23,032 | INFO | MainThread | [86/100] -uywlfIYOS8$_$4 completed: objective=2.123218, uncertainty=0.3259 (19.41s)
2026-09-24 16:24:23,292 | INFO | p1-align_12 | -wny0OAz3g8$_$5 对齐迭代 2/8: objective=1.396773, delta=0.012938
2026-09-24 16:24:23,515 | INFO | p1-align_3 | -wMB_hJL-3o$_$7 对齐迭代 5/8: objective=3.105947, delta=0.000023
2026-09-24 16:24:23,634 | INFO | MainThread | [87/100] -wMB_hJL-3o$_$7 completed: objective=3.105947, uncertainty=0.3312 (19.60s)
2026-09-24 16:24:24,981 | INFO | p1-align_8 | -tPCytz4rww$_$12 对齐迭代 2/8: objective=2.219002, delta=0.003922
2026-09-24 16:24:25,238 | INFO | p1-align_4 | -wny0OAz3g8$_$1 对齐迭代 4/8: objective=1.898746, delta=0.000036
2026-09-24 16:24:25,332 | INFO | MainThread | [88/100] -wny0OAz3g8$_$1 completed: objective=1.898746, uncertainty=0.3387 (19.71s)
2026-09-24 16:24:25,348 | INFO | p1-align_7 | -tPCytz4rww$_$16 对齐迭代 5/8: objective=1.857638, delta=0.000021
2026-09-24 16:24:25,448 | INFO | MainThread | [89/100] -tPCytz4rww$_$16 completed: objective=1.857638, uncertainty=0.2979 (23.51s)
2026-09-24 16:24:25,689 | INFO | p1-align_11 | -s9qJ7ATP7w$_$7 对齐迭代 3/8: objective=1.877747, delta=0.000098
2026-09-24 16:24:25,781 | INFO | MainThread | [90/100] -s9qJ7ATP7w$_$7 completed: objective=1.877747, uncertainty=0.3441 (36.92s)
2026-09-24 16:24:26,147 | INFO | p1-align_2 | -vxjVxOeScU$_$4 对齐迭代 3/8: objective=2.004279, delta=0.000152
2026-09-24 16:24:26,451 | INFO | p1-align_10 | -yRb-Jum7EQ$_$5 对齐迭代 1/8: objective=1.610600, delta=0.147761
2026-09-24 16:24:26,536 | INFO | p1-align_5 | -tPCytz4rww$_$18 对齐迭代 4/8: objective=2.611857, delta=0.001153
2026-09-24 16:24:27,338 | INFO | p1-align_14 | -wny0OAz3g8$_$7 对齐迭代 3/8: objective=1.917681, delta=0.000998
2026-09-24 16:24:27,998 | INFO | p1-align_0 | -wny0OAz3g8$_$2 对齐迭代 2/8: objective=2.040467, delta=0.020215
2026-09-24 16:24:28,323 | INFO | p1-align_12 | -wny0OAz3g8$_$5 对齐迭代 3/8: objective=1.396721, delta=0.000980
2026-09-24 16:24:29,898 | INFO | p1-align_5 | -tPCytz4rww$_$18 对齐迭代 5/8: objective=2.611947, delta=0.000409
2026-09-24 16:24:30,422 | INFO | p1-align_2 | -vxjVxOeScU$_$4 对齐迭代 4/8: objective=2.004284, delta=0.000012
2026-09-24 16:24:30,515 | INFO | MainThread | [91/100] -vxjVxOeScU$_$4 completed: objective=2.004284, uncertainty=0.2987 (26.84s)
2026-09-24 16:24:31,006 | INFO | p1-align_1 | -t217m2on-s$_$7 对齐迭代 3/8: objective=2.183877, delta=0.000270
2026-09-24 16:24:31,007 | INFO | p1-align_6 | -yRb-Jum7EQ$_$1 对齐迭代 1/8: objective=2.206027, delta=0.173336
2026-09-24 16:24:31,188 | INFO | p1-align_14 | -wny0OAz3g8$_$7 对齐迭代 4/8: objective=1.917767, delta=0.000118
2026-09-24 16:24:31,375 | INFO | p1-align_10 | -yRb-Jum7EQ$_$5 对齐迭代 2/8: objective=1.550829, delta=0.009079
2026-09-24 16:24:31,399 | INFO | p1-align_8 | -tPCytz4rww$_$12 对齐迭代 3/8: objective=2.218662, delta=0.000247
2026-09-24 16:24:32,104 | INFO | p1-align_13 | -yRb-Jum7EQ$_$6 对齐迭代 1/8: objective=2.047156, delta=0.143843
2026-09-24 16:24:32,490 | INFO | p1-align_12 | -wny0OAz3g8$_$5 对齐迭代 4/8: objective=1.396751, delta=0.000063
2026-09-24 16:24:32,557 | INFO | MainThread | [92/100] -wny0OAz3g8$_$5 completed: objective=1.396751, uncertainty=0.3396 (25.12s)
2026-09-24 16:24:33,274 | INFO | p1-align_5 | -tPCytz4rww$_$18 对齐迭代 6/8: objective=2.611980, delta=0.000144
2026-09-24 16:24:34,182 | INFO | p1-align_0 | -wny0OAz3g8$_$2 对齐迭代 3/8: objective=2.038794, delta=0.002524
2026-09-24 16:24:34,395 | INFO | p1-align_14 | -wny0OAz3g8$_$7 对齐迭代 5/8: objective=1.917781, delta=0.000014
2026-09-24 16:24:34,468 | INFO | MainThread | [93/100] -wny0OAz3g8$_$7 completed: objective=1.917781, uncertainty=0.3274 (26.32s)
2026-09-24 16:24:35,255 | INFO | p1-align_10 | -yRb-Jum7EQ$_$5 对齐迭代 3/8: objective=1.551566, delta=0.000495
2026-09-24 16:24:35,776 | INFO | p1-align_5 | -tPCytz4rww$_$18 对齐迭代 7/8: objective=2.611992, delta=0.000050
2026-09-24 16:24:35,850 | INFO | MainThread | [94/100] -tPCytz4rww$_$18 completed: objective=2.611992, uncertainty=0.3244 (33.84s)
2026-09-24 16:24:36,224 | INFO | p1-align_8 | -tPCytz4rww$_$12 对齐迭代 4/8: objective=2.218621, delta=0.000024
2026-09-24 16:24:36,301 | INFO | MainThread | [95/100] -tPCytz4rww$_$12 completed: objective=2.218621, uncertainty=0.2743 (35.14s)
2026-09-24 16:24:37,062 | INFO | p1-align_1 | -t217m2on-s$_$7 对齐迭代 4/8: objective=2.183889, delta=0.000030
2026-09-24 16:24:37,143 | INFO | MainThread | [96/100] -t217m2on-s$_$7 completed: objective=2.183889, uncertainty=0.2376 (45.94s)
2026-09-24 16:24:37,409 | INFO | p1-align_13 | -yRb-Jum7EQ$_$6 对齐迭代 2/8: objective=1.990978, delta=0.005811
2026-09-24 16:24:37,601 | INFO | p1-align_6 | -yRb-Jum7EQ$_$1 对齐迭代 2/8: objective=2.093420, delta=0.006568
2026-09-24 16:24:37,961 | INFO | p1-align_10 | -yRb-Jum7EQ$_$5 对齐迭代 4/8: objective=1.551611, delta=0.000041
2026-09-24 16:24:38,024 | INFO | MainThread | [97/100] -yRb-Jum7EQ$_$5 completed: objective=1.551611, uncertainty=0.2405 (19.64s)
2026-09-24 16:24:38,099 | INFO | p1-align_0 | -wny0OAz3g8$_$2 对齐迭代 4/8: objective=2.038818, delta=0.000260
2026-09-24 16:24:39,761 | INFO | p1-align_13 | -yRb-Jum7EQ$_$6 对齐迭代 3/8: objective=1.992397, delta=0.000518
2026-09-24 16:24:40,037 | INFO | p1-align_0 | -wny0OAz3g8$_$2 对齐迭代 5/8: objective=2.038823, delta=0.000029
2026-09-24 16:24:40,070 | INFO | MainThread | [98/100] -wny0OAz3g8$_$2 completed: objective=2.038823, uncertainty=0.3462 (34.10s)
2026-09-24 16:24:40,602 | INFO | p1-align_6 | -yRb-Jum7EQ$_$1 对齐迭代 3/8: objective=2.093278, delta=0.000308
2026-09-24 16:24:41,296 | INFO | p1-align_13 | -yRb-Jum7EQ$_$6 对齐迭代 4/8: objective=1.992521, delta=0.000046
2026-09-24 16:24:41,323 | INFO | MainThread | [99/100] -yRb-Jum7EQ$_$6 completed: objective=1.992521, uncertainty=0.2430 (18.48s)
2026-09-24 16:24:41,965 | INFO | p1-align_6 | -yRb-Jum7EQ$_$1 对齐迭代 4/8: objective=2.093273, delta=0.000028
2026-09-24 16:24:41,996 | INFO | MainThread | [100/100] -yRb-Jum7EQ$_$1 completed: objective=2.093273, uncertainty=0.2413 (23.98s)
2026-09-24 16:24:42,404 | INFO | MainThread | 步骤4/4 验收审计、结果输出与典型样本可视化
